[2026-05-13 08:19:41 UTC] run_start name=gpu_2p_top1_transfer_local device=cuda workers=10 target=0.8
[2026-05-13 08:19:41 UTC] policy_prior_strength=0.1
[2026-05-13 08:19:41 UTC] resumed from C:\Users\Capitaine\Documents\GitHub\warorbit\runs\gpu_2p_rg_nosupport_local\best_validated.npz
[2026-05-13 08:19:42 UTC] params=1847362 lr=2.5e-05
[2026-05-13 08:19:42 UTC] teacher_distillation checkpoint=C:\Users\Capitaine\Documents\GitHub\warorbit\runs\gpu_2p_rg_nosupport_local\best_validated.npz kl_coef=0.0200
[2026-05-13 08:19:42 UTC] curriculum_tier=simple_2p train_pool=['random', 'random', 'random', 'random', 'greedy', 'greedy', 'greedy', 'greedy', 'greedy', 'greedy', 'greedy', 'greedy', 'greedy', 'starter', 'starter', 'starter', 'starter', 'starter', 'starter', 'starter']
[2026-05-13 08:19:46 UTC] inference_server started
[2026-05-13 08:19:47 UTC] 10 workers started
[2026-05-13 08:21:17 UTC] train episodes=32 elapsed=1.5m eps_per_hour=1282.8 train_s=29.71 samples=6785 minibatches=213 winrate=0.188 policy_loss=0.014 value_loss=0.084 total_loss=-0.109 teacher_kl=0.0000 entropy=3.475 kl=0.0000 clip_frac=0.000 ratio_std=0.001250 ratio_range=[0.9917,1.0074] logr_max=0.008313 param_delta=0.00923126 grad_norm=0.571 reward=-0.692 terminal=-0.625 dense=0.217 activity=0.207 mix=-0.069 support=0.070 attack=0.119 expand=0.812 passivity_penalty=0.071 passivity=0.491 noop_p=[0.258->0.255] noop_cap_frac=0.018 slot0_noop=0.347 slot0_p=[0.091->0.091] slot0_cap=0.057 slot0_real=0.919 slot0_real_p=[0.011->0.011] slot0_cap_frac=0.000 slot1_p=[0.496->0.492] slot1_cap=0.133 slot1_real=0.514 slot1_real_p=[0.019->0.012] slot1_cap_frac=0.018 real_moves_game=113.81 real_moves_turn=1.15 temp=1.050 skipped_oldlp=0 missions={'expand': 2795, 'do_nothing': 3143, 'attack': 501, 'support': 346} baseline=-0.550
[2026-05-13 08:22:09 UTC] train episodes=64 elapsed=2.4m eps_per_hour=1621.5 train_s=34.72 samples=6462 minibatches=204 winrate=0.281 policy_loss=0.067 value_loss=0.094 total_loss=-0.055 teacher_kl=0.0000 entropy=3.342 kl=0.0000 clip_frac=0.000 ratio_std=0.001642 ratio_range=[0.9906,1.0077] logr_max=0.009449 param_delta=0.01057275 grad_norm=0.562 reward=-0.515 terminal=-0.438 dense=0.193 activity=0.182 mix=-0.083 support=0.058 attack=0.114 expand=0.827 passivity_penalty=0.091 passivity=0.517 noop_p=[0.278->0.276] noop_cap_frac=0.015 slot0_noop=0.375 slot0_p=[0.117->0.117] slot0_cap=0.062 slot0_real=0.893 slot0_real_p=[0.012->0.011] slot0_cap_frac=0.000 slot1_p=[0.531->0.529] slot1_cap=0.151 slot1_real=0.477 slot1_real_p=[0.016->0.011] slot1_cap_frac=0.011 real_moves_game=103.38 real_moves_turn=1.04 temp=1.049 skipped_oldlp=0 missions={'do_nothing': 3154, 'expand': 2598, 'attack': 427, 'support': 283} baseline=-0.361
[2026-05-13 08:23:37 UTC] run_start name=gpu_2p_top1_transfer_local device=cuda workers=10 target=0.8
[2026-05-13 08:23:37 UTC] policy_prior_strength=0.1
[2026-05-13 08:23:37 UTC] resumed from C:\Users\Capitaine\Documents\GitHub\warorbit\runs\gpu_2p_top1_transfer_local\latest.npz
[2026-05-13 08:23:37 UTC] params=1847362 lr=2.5e-05
[2026-05-13 08:23:37 UTC] teacher_distillation checkpoint=C:\Users\Capitaine\Documents\GitHub\warorbit\runs\gpu_2p_rg_nosupport_local\best_validated.npz kl_coef=0.0200
[2026-05-13 08:23:37 UTC] curriculum_tier=simple_2p train_pool=['random', 'random', 'random', 'random', 'greedy', 'greedy', 'greedy', 'greedy', 'greedy', 'greedy', 'greedy', 'greedy', 'greedy', 'starter', 'starter', 'starter', 'starter', 'starter', 'starter', 'starter']
[2026-05-13 08:23:41 UTC] inference_server started
[2026-05-13 08:23:42 UTC] 10 workers started
[2026-05-13 08:25:11 UTC] train episodes=96 elapsed=1.5m eps_per_hour=3889.1 train_s=25.25 samples=6599 minibatches=207 winrate=0.156 policy_loss=0.005 value_loss=0.066 total_loss=-0.122 teacher_kl=0.0000 entropy=3.356 kl=0.0000 clip_frac=0.000 ratio_std=0.000663 ratio_range=[0.9953,1.0041] logr_max=0.004688 param_delta=0.00852131 grad_norm=0.434 reward=-0.758 terminal=-0.688 dense=0.194 activity=0.196 mix=-0.071 support=0.069 attack=0.127 expand=0.805 passivity_penalty=0.079 passivity=0.504 noop_p=[0.267->0.264] noop_cap_frac=0.016 slot0_noop=0.366 slot0_p=[0.103->0.103] slot0_cap=0.056 slot0_real=0.908 slot0_real_p=[0.012->0.012] slot0_cap_frac=0.001 slot1_p=[0.485->0.482] slot1_cap=0.123 slot1_real=0.523 slot1_real_p=[0.015->0.011] slot1_cap_frac=0.010 real_moves_game=107.72 real_moves_turn=1.09 temp=1.050 skipped_oldlp=0 missions={'do_nothing': 3152, 'expand': 2610, 'attack': 506, 'support': 331} baseline=-0.591
[2026-05-13 08:26:28 UTC] train episodes=128 elapsed=2.8m eps_per_hour=2768.8 train_s=42.23 samples=6814 minibatches=213 winrate=0.250 policy_loss=0.063 value_loss=0.063 total_loss=-0.069 teacher_kl=0.0000 entropy=3.673 kl=0.0000 clip_frac=0.000 ratio_std=0.000923 ratio_range=[0.9941,1.0051] logr_max=0.005896 param_delta=0.00982450 grad_norm=0.448 reward=-0.553 terminal=-0.500 dense=0.231 activity=0.181 mix=-0.056 support=0.094 attack=0.094 expand=0.811 passivity_penalty=0.094 passivity=0.502 noop_p=[0.247->0.243] noop_cap_frac=0.023 slot0_noop=0.389 slot0_p=[0.133->0.132] slot0_cap=0.082 slot0_real=0.878 slot0_real_p=[0.013->0.011] slot0_cap_frac=0.009 slot1_p=[0.464->0.458] slot1_cap=0.168 slot1_real=0.549 slot1_real_p=[0.024->0.012] slot1_cap_frac=0.027 real_moves_game=115.25 real_moves_turn=1.16 temp=1.048 skipped_oldlp=0 missions={'expand': 2738, 'do_nothing': 3126, 'support': 519, 'attack': 431} baseline=-0.661
[2026-05-13 08:28:32 UTC] AUTO_TUNE reasons=update_too_small noop=0.460 lr=0.00002650 entropy_coef=0.1000 prior=0.100 noop_logit_penalty=0.500 noop_prob_cap=0.450 noop_slot_caps=[0.05, 0.08, 0.12, 0.2, 0.32, 0.45, 0.55, 0.65] temp=[1.050,0.180] noop_penalty=0.700 passivity_penalty=0.550 action_bonus=0.280 ship_bonus=0.180
[2026-05-13 08:28:32 UTC] train episodes=160 elapsed=4.8m eps_per_hour=1985.2 train_s=113.50 samples=7046 minibatches=222 winrate=0.281 policy_loss=0.083 value_loss=0.049 total_loss=-0.049 teacher_kl=0.0000 entropy=3.753 kl=0.0000 clip_frac=0.000 ratio_std=0.001606 ratio_range=[0.9906,1.0108] logr_max=0.010769 param_delta=0.00946622 grad_norm=0.352 reward=-0.449 terminal=-0.438 dense=0.228 activity=0.191 mix=-0.030 support=0.106 attack=0.117 expand=0.777 passivity_penalty=0.086 passivity=0.487 noop_p=[0.243->0.239] noop_cap_frac=0.021 slot0_noop=0.369 slot0_p=[0.134->0.134] slot0_cap=0.068 slot0_real=0.876 slot0_real_p=[0.011->0.011] slot0_cap_frac=0.000 slot1_p=[0.455->0.449] slot1_cap=0.158 slot1_real=0.556 slot1_real_p=[0.020->0.010] slot1_cap_frac=0.024 real_moves_game=122.66 real_moves_turn=1.24 temp=1.045 skipped_oldlp=0 missions={'expand': 2790, 'do_nothing': 3121, 'attack': 534, 'support': 601} baseline=-0.531
[2026-05-13 08:30:16 UTC] AUTO_TUNE reasons=update_too_small noop=0.452 lr=0.00002809 entropy_coef=0.1000 prior=0.100 noop_logit_penalty=0.500 noop_prob_cap=0.450 noop_slot_caps=[0.05, 0.08, 0.12, 0.2, 0.32, 0.45, 0.55, 0.65] temp=[1.050,0.180] noop_penalty=0.700 passivity_penalty=0.550 action_bonus=0.280 ship_bonus=0.180
[2026-05-13 08:30:16 UTC] train episodes=192 elapsed=6.6m eps_per_hour=1753.6 train_s=103.02 samples=7255 minibatches=228 winrate=0.312 policy_loss=0.033 value_loss=0.049 total_loss=-0.109 teacher_kl=0.0000 entropy=3.920 kl=0.0000 clip_frac=0.000 ratio_std=0.001786 ratio_range=[0.9922,1.0115] logr_max=0.011477 param_delta=0.01008875 grad_norm=0.391 reward=-0.367 terminal=-0.375 dense=0.265 activity=0.239 mix=-0.020 support=0.110 attack=0.112 expand=0.779 passivity_penalty=0.049 passivity=0.454 noop_p=[0.197->0.192] noop_cap_frac=0.025 slot0_noop=0.336 slot0_p=[0.068->0.066] slot0_cap=0.056 slot0_real=0.943 slot0_real_p=[0.011->0.010] slot0_cap_frac=0.008 slot1_p=[0.392->0.385] slot1_cap=0.120 slot1_real=0.622 slot1_real_p=[0.023->0.011] slot1_cap_frac=0.031 real_moves_game=129.25 real_moves_turn=1.31 temp=1.041 skipped_oldlp=0 missions={'expand': 3046, 'do_nothing': 3119, 'attack': 560, 'support': 530} baseline=-0.506
[2026-05-13 08:32:12 UTC] AUTO_TUNE reasons=update_too_small noop=0.446 lr=0.00002978 entropy_coef=0.1000 prior=0.100 noop_logit_penalty=0.500 noop_prob_cap=0.450 noop_slot_caps=[0.05, 0.08, 0.12, 0.2, 0.32, 0.45, 0.55, 0.65] temp=[1.050,0.180] noop_penalty=0.700 passivity_penalty=0.550 action_bonus=0.280 ship_bonus=0.180
[2026-05-13 08:32:12 UTC] train episodes=224 elapsed=8.5m eps_per_hour=1578.8 train_s=115.69 samples=7351 minibatches=231 winrate=0.312 policy_loss=0.057 value_loss=0.040 total_loss=-0.080 teacher_kl=0.0000 entropy=3.988 kl=0.0000 clip_frac=0.000 ratio_std=0.001857 ratio_range=[0.9881,1.0123] logr_max=0.012201 param_delta=0.01007816 grad_norm=0.310 reward=-0.385 terminal=-0.375 dense=0.263 activity=0.204 mix=-0.032 support=0.102 attack=0.112 expand=0.786 passivity_penalty=0.076 passivity=0.467 noop_p=[0.222->0.219] noop_cap_frac=0.016 slot0_noop=0.349 slot0_p=[0.131->0.131] slot0_cap=0.062 slot0_real=0.877 slot0_real_p=[0.009->0.009] slot0_cap_frac=0.000 slot1_p=[0.394->0.391] slot1_cap=0.125 slot1_real=0.615 slot1_real_p=[0.013->0.008] slot1_cap_frac=0.014 real_moves_game=132.78 real_moves_turn=1.35 temp=1.039 skipped_oldlp=0 missions={'expand': 3052, 'do_nothing': 3102, 'support': 612, 'attack': 585} baseline=-0.704
[2026-05-13 08:33:53 UTC] AUTO_TUNE reasons=update_too_small noop=0.443 lr=0.00003156 entropy_coef=0.1000 prior=0.100 noop_logit_penalty=0.500 noop_prob_cap=0.450 noop_slot_caps=[0.05, 0.08, 0.12, 0.2, 0.32, 0.45, 0.55, 0.65] temp=[1.050,0.180] noop_penalty=0.700 passivity_penalty=0.550 action_bonus=0.280 ship_bonus=0.180
[2026-05-13 08:33:53 UTC] train episodes=256 elapsed=10.2m eps_per_hour=1507.4 train_s=99.92 samples=6791 minibatches=213 winrate=0.094 policy_loss=0.020 value_loss=0.030 total_loss=-0.125 teacher_kl=0.0000 entropy=3.636 kl=0.0000 clip_frac=0.000 ratio_std=0.002764 ratio_range=[0.9817,1.0143] logr_max=0.018515 param_delta=0.00941475 grad_norm=0.258 reward=-0.855 terminal=-0.812 dense=0.261 activity=0.207 mix=-0.056 support=0.082 attack=0.120 expand=0.798 passivity_penalty=0.073 passivity=0.491 noop_p=[0.236->0.232] noop_cap_frac=0.025 slot0_noop=0.370 slot0_p=[0.096->0.096] slot0_cap=0.052 slot0_real=0.912 slot0_real_p=[0.010->0.010] slot0_cap_frac=0.000 slot1_p=[0.429->0.425] slot1_cap=0.102 slot1_real=0.581 slot1_real_p=[0.018->0.011] slot1_cap_frac=0.021 real_moves_game=113.78 real_moves_turn=1.15 temp=1.035 skipped_oldlp=0 missions={'do_nothing': 3150, 'expand': 2710, 'support': 388, 'attack': 543} baseline=-0.862
[2026-05-13 08:35:54 UTC] AUTO_TUNE reasons=update_too_small noop=0.442 lr=0.00003346 entropy_coef=0.1000 prior=0.100 noop_logit_penalty=0.500 noop_prob_cap=0.450 noop_slot_caps=[0.05, 0.08, 0.12, 0.2, 0.32, 0.45, 0.55, 0.65] temp=[1.050,0.180] noop_penalty=0.700 passivity_penalty=0.550 action_bonus=0.280 ship_bonus=0.180
[2026-05-13 08:35:54 UTC] train episodes=288 elapsed=12.2m eps_per_hour=1416.1 train_s=119.99 samples=6947 minibatches=219 winrate=0.188 policy_loss=0.053 value_loss=0.047 total_loss=-0.091 teacher_kl=0.0000 entropy=3.910 kl=0.0000 clip_frac=0.000 ratio_std=0.005685 ratio_range=[0.9649,1.0239] logr_max=0.035754 param_delta=0.01150193 grad_norm=0.322 reward=-0.630 terminal=-0.625 dense=0.247 activity=0.207 mix=-0.028 support=0.104 attack=0.125 expand=0.770 passivity_penalty=0.074 passivity=0.483 noop_p=[0.222->0.219] noop_cap_frac=0.018 slot0_noop=0.392 slot0_p=[0.122->0.122] slot0_cap=0.054 slot0_real=0.886 slot0_real_p=[0.010->0.009] slot0_cap_frac=0.002 slot1_p=[0.403->0.399] slot1_cap=0.102 slot1_real=0.607 slot1_real_p=[0.017->0.010] slot1_cap_frac=0.023 real_moves_game=119.31 real_moves_turn=1.21 temp=1.031 skipped_oldlp=0 missions={'do_nothing': 3129, 'expand': 2733, 'attack': 574, 'support': 511} baseline=-0.690
[2026-05-13 08:38:03 UTC] AUTO_TUNE reasons=update_too_small noop=0.439 lr=0.00003546 entropy_coef=0.1000 prior=0.100 noop_logit_penalty=0.500 noop_prob_cap=0.450 noop_slot_caps=[0.05, 0.08, 0.12, 0.2, 0.32, 0.45, 0.55, 0.65] temp=[1.050,0.180] noop_penalty=0.700 passivity_penalty=0.550 action_bonus=0.280 ship_bonus=0.180
[2026-05-13 08:38:03 UTC] train episodes=320 elapsed=14.4m eps_per_hour=1337.1 train_s=128.54 samples=7315 minibatches=231 winrate=0.312 policy_loss=0.048 value_loss=0.055 total_loss=-0.088 teacher_kl=0.0000 entropy=3.867 kl=0.0001 clip_frac=0.000 ratio_std=0.010122 ratio_range=[0.9440,1.0543] logr_max=0.057636 param_delta=0.01375021 grad_norm=0.368 reward=-0.373 terminal=-0.375 dense=0.250 activity=0.233 mix=-0.022 support=0.111 attack=0.127 expand=0.762 passivity_penalty=0.054 passivity=0.456 noop_p=[0.204->0.201] noop_cap_frac=0.022 slot0_noop=0.348 slot0_p=[0.084->0.084] slot0_cap=0.054 slot0_real=0.925 slot0_real_p=[0.009->0.009] slot0_cap_frac=0.003 slot1_p=[0.364->0.360] slot1_cap=0.094 slot1_real=0.647 slot1_real_p=[0.016->0.010] slot1_cap_frac=0.018 real_moves_game=130.91 real_moves_turn=1.32 temp=1.026 skipped_oldlp=0 missions={'expand': 3004, 'do_nothing': 3126, 'support': 579, 'attack': 606} baseline=-0.260
[2026-05-13 08:40:30 UTC] AUTO_TUNE reasons=update_too_small noop=0.439 lr=0.00003759 entropy_coef=0.1000 prior=0.100 noop_logit_penalty=0.500 noop_prob_cap=0.450 noop_slot_caps=[0.05, 0.08, 0.12, 0.2, 0.32, 0.45, 0.55, 0.65] temp=[1.050,0.180] noop_penalty=0.700 passivity_penalty=0.550 action_bonus=0.280 ship_bonus=0.180
[2026-05-13 08:40:30 UTC] train episodes=352 elapsed=16.8m eps_per_hour=1256.9 train_s=145.94 samples=7208 minibatches=228 winrate=0.219 policy_loss=0.043 value_loss=0.027 total_loss=-0.092 teacher_kl=0.0001 entropy=3.761 kl=0.0001 clip_frac=0.000 ratio_std=0.017158 ratio_range=[0.9196,1.0747] logr_max=0.083823 param_delta=0.01110554 grad_norm=0.244 reward=-0.584 terminal=-0.562 dense=0.231 activity=0.204 mix=-0.041 support=0.099 attack=0.125 expand=0.776 passivity_penalty=0.075 passivity=0.473 noop_p=[0.230->0.226] noop_cap_frac=0.024 slot0_noop=0.352 slot0_p=[0.119->0.119] slot0_cap=0.054 slot0_real=0.890 slot0_real_p=[0.011->0.010] slot0_cap_frac=0.003 slot1_p=[0.427->0.422] slot1_cap=0.105 slot1_real=0.583 slot1_real_p=[0.017->0.009] slot1_cap_frac=0.019 real_moves_game=127.84 real_moves_turn=1.29 temp=1.022 skipped_oldlp=0 missions={'expand': 2891, 'do_nothing': 3117, 'attack': 647, 'support': 553} baseline=-0.684
[2026-05-13 08:42:42 UTC] AUTO_TUNE reasons=update_too_small noop=0.442 lr=0.00003985 entropy_coef=0.1000 prior=0.100 noop_logit_penalty=0.500 noop_prob_cap=0.450 noop_slot_caps=[0.05, 0.08, 0.12, 0.2, 0.32, 0.45, 0.55, 0.65] temp=[1.050,0.180] noop_penalty=0.700 passivity_penalty=0.550 action_bonus=0.280 ship_bonus=0.180
[2026-05-13 08:42:42 UTC] train episodes=384 elapsed=19.0m eps_per_hour=1212.3 train_s=131.34 samples=7153 minibatches=225 winrate=0.344 policy_loss=0.020 value_loss=0.043 total_loss=-0.122 teacher_kl=0.0003 entropy=3.797 kl=0.0004 clip_frac=0.000 ratio_std=0.026759 ratio_range=[0.8334,1.1575] logr_max=0.182248 param_delta=0.01410626 grad_norm=0.361 reward=-0.353 terminal=-0.312 dense=0.246 activity=0.239 mix=-0.065 support=0.070 attack=0.136 expand=0.793 passivity_penalty=0.049 passivity=0.459 noop_p=[0.213->0.211] noop_cap_frac=0.015 slot0_noop=0.306 slot0_p=[0.052->0.052] slot0_cap=0.052 slot0_real=0.957 slot0_real_p=[0.009->0.009] slot0_cap_frac=0.000 slot1_p=[0.419->0.418] slot1_cap=0.095 slot1_real=0.587 slot1_real_p=[0.011->0.009] slot1_cap_frac=0.007 real_moves_game=125.72 real_moves_turn=1.27 temp=1.018 skipped_oldlp=0 missions={'do_nothing': 3130, 'expand': 3070, 'attack': 589, 'support': 364} baseline=-0.424
[2026-05-13 08:45:20 UTC] AUTO_TUNE reasons=update_too_small noop=0.428 lr=0.00004224 entropy_coef=0.1000 prior=0.100 noop_logit_penalty=0.500 noop_prob_cap=0.450 noop_slot_caps=[0.05, 0.08, 0.12, 0.2, 0.32, 0.45, 0.55, 0.65] temp=[1.050,0.180] noop_penalty=0.700 passivity_penalty=0.550 action_bonus=0.280 ship_bonus=0.180
[2026-05-13 08:45:20 UTC] train episodes=416 elapsed=21.6m eps_per_hour=1153.2 train_s=157.44 samples=7973 minibatches=252 winrate=0.406 policy_loss=0.001 value_loss=0.053 total_loss=-0.147 teacher_kl=0.0005 entropy=4.462 kl=0.0005 clip_frac=0.000 ratio_std=0.032829 ratio_range=[0.7705,1.1753] logr_max=0.260748 param_delta=0.01678627 grad_norm=0.316 reward=-0.142 terminal=-0.188 dense=0.313 activity=0.265 mix=0.000 support=0.130 attack=0.134 expand=0.736 passivity_penalty=0.033 passivity=0.415 noop_p=[0.157->0.154] noop_cap_frac=0.018 slot0_noop=0.312 slot0_p=[0.062->0.062] slot0_cap=0.054 slot0_real=0.944 slot0_real_p=[0.006->0.006] slot0_cap_frac=0.001 slot1_p=[0.264->0.260] slot1_cap=0.092 slot1_real=0.746 slot1_real_p=[0.013->0.008] slot1_cap_frac=0.017 real_moves_game=151.62 real_moves_turn=1.53 temp=1.013 skipped_oldlp=0 missions={'do_nothing': 3121, 'expand': 3355, 'attack': 757, 'support': 740} baseline=-0.165
[2026-05-13 08:47:28 UTC] AUTO_TUNE reasons=update_too_small noop=0.425 lr=0.00004477 entropy_coef=0.1000 prior=0.100 noop_logit_penalty=0.500 noop_prob_cap=0.450 noop_slot_caps=[0.05, 0.08, 0.12, 0.2, 0.32, 0.45, 0.55, 0.65] temp=[1.050,0.180] noop_penalty=0.700 passivity_penalty=0.550 action_bonus=0.280 ship_bonus=0.180
[2026-05-13 08:47:28 UTC] train episodes=448 elapsed=23.8m eps_per_hour=1130.9 train_s=126.43 samples=7155 minibatches=225 winrate=0.406 policy_loss=0.030 value_loss=0.039 total_loss=-0.113 teacher_kl=0.0004 entropy=3.844 kl=0.0002 clip_frac=0.000 ratio_std=0.021154 ratio_range=[0.8859,1.1302] logr_max=0.122415 param_delta=0.01386570 grad_norm=0.376 reward=-0.234 terminal=-0.188 dense=0.234 activity=0.229 mix=-0.057 support=0.080 attack=0.123 expand=0.797 passivity_penalty=0.056 passivity=0.465 noop_p=[0.223->0.221] noop_cap_frac=0.019 slot0_noop=0.330 slot0_p=[0.075->0.075] slot0_cap=0.052 slot0_real=0.933 slot0_real_p=[0.009->0.009] slot0_cap_frac=0.000 slot1_p=[0.438->0.436] slot1_cap=0.097 slot1_real=0.569 slot1_real_p=[0.013->0.009] slot1_cap_frac=0.010 real_moves_game=125.88 real_moves_turn=1.27 temp=1.009 skipped_oldlp=0 missions={'expand': 3062, 'do_nothing': 3127, 'attack': 535, 'support': 431} baseline=-0.379
[2026-05-13 08:49:59 UTC] AUTO_TUNE reasons=update_too_small noop=0.427 lr=0.00004746 entropy_coef=0.1000 prior=0.100 noop_logit_penalty=0.500 noop_prob_cap=0.450 noop_slot_caps=[0.05, 0.08, 0.12, 0.2, 0.32, 0.45, 0.55, 0.65] temp=[1.050,0.180] noop_penalty=0.700 passivity_penalty=0.550 action_bonus=0.280 ship_bonus=0.180
[2026-05-13 08:49:59 UTC] train episodes=480 elapsed=26.3m eps_per_hour=1095.7 train_s=150.21 samples=7162 minibatches=225 winrate=0.281 policy_loss=0.030 value_loss=0.036 total_loss=-0.111 teacher_kl=0.0008 entropy=3.683 kl=0.0002 clip_frac=0.000 ratio_std=0.018228 ratio_range=[0.8416,1.1179] logr_max=0.172447 param_delta=0.01414598 grad_norm=0.291 reward=-0.431 terminal=-0.438 dense=0.255 activity=0.241 mix=-0.018 support=0.111 attack=0.127 expand=0.762 passivity_penalty=0.047 passivity=0.458 noop_p=[0.229->0.222] noop_cap_frac=0.037 slot0_noop=0.330 slot0_p=[0.074->0.073] slot0_cap=0.054 slot0_real=0.935 slot0_real_p=[0.010->0.009] slot0_cap_frac=0.007 slot1_p=[0.396->0.386] slot1_cap=0.104 slot1_real=0.623 slot1_real_p=[0.031->0.014] slot1_cap_frac=0.044 real_moves_game=125.84 real_moves_turn=1.27 temp=1.005 skipped_oldlp=0 missions={'expand': 2963, 'do_nothing': 3135, 'attack': 541, 'support': 523} baseline=-0.084
[2026-05-13 08:52:07 UTC] AUTO_TUNE reasons=update_too_small noop=0.437 lr=0.00005000 entropy_coef=0.1000 prior=0.100 noop_logit_penalty=0.500 noop_prob_cap=0.450 noop_slot_caps=[0.05, 0.08, 0.12, 0.2, 0.32, 0.45, 0.55, 0.65] temp=[1.050,0.180] noop_penalty=0.700 passivity_penalty=0.550 action_bonus=0.280 ship_bonus=0.180
[2026-05-13 08:52:07 UTC] train episodes=512 elapsed=28.4m eps_per_hour=1080.8 train_s=127.39 samples=6501 minibatches=204 winrate=0.312 policy_loss=0.083 value_loss=0.040 total_loss=-0.054 teacher_kl=0.0007 entropy=3.488 kl=0.0002 clip_frac=0.000 ratio_std=0.019624 ratio_range=[0.8767,1.1140] logr_max=0.131577 param_delta=0.01425270 grad_norm=0.323 reward=-0.422 terminal=-0.375 dense=0.230 activity=0.176 mix=-0.052 support=0.100 attack=0.100 expand=0.800 passivity_penalty=0.096 passivity=0.518 noop_p=[0.276->0.269] noop_cap_frac=0.032 slot0_noop=0.405 slot0_p=[0.175->0.173] slot0_cap=0.056 slot0_real=0.838 slot0_real_p=[0.016->0.013] slot0_cap_frac=0.014 slot1_p=[0.488->0.476] slot1_cap=0.103 slot1_real=0.530 slot1_real_p=[0.034->0.013] slot1_cap_frac=0.042 real_moves_game=105.38 real_moves_turn=1.07 temp=1.000 skipped_oldlp=0 missions={'do_nothing': 3129, 'expand': 2529, 'support': 436, 'attack': 407} baseline=-0.261
[2026-05-13 08:52:08 UTC] eval_start checkpoint=candidate opponent=random games=32
[2026-05-13 08:52:53 UTC] eval_progress checkpoint=candidate opponent=random games=8/32 wins=3
[2026-05-13 08:53:28 UTC] eval_progress checkpoint=candidate opponent=random games=16/32 wins=6
[2026-05-13 08:54:12 UTC] eval_progress checkpoint=candidate opponent=random games=24/32 wins=11
[2026-05-13 08:55:02 UTC] eval_progress checkpoint=candidate opponent=random games=32/32 wins=16
[2026-05-13 08:55:02 UTC] eval_done checkpoint=candidate opponent=random winrate=0.500 noop=0.448 ships=2.32
[2026-05-13 08:55:02 UTC] eval_start checkpoint=candidate opponent=greedy games=32
[2026-05-13 08:55:46 UTC] eval_progress checkpoint=candidate opponent=greedy games=8/32 wins=2
[2026-05-13 08:56:14 UTC] eval_progress checkpoint=candidate opponent=greedy games=16/32 wins=7
[2026-05-13 08:56:50 UTC] eval_progress checkpoint=candidate opponent=greedy games=24/32 wins=10
[2026-05-13 08:57:55 UTC] eval_progress checkpoint=candidate opponent=greedy games=32/32 wins=14
[2026-05-13 08:57:55 UTC] eval_done checkpoint=candidate opponent=greedy winrate=0.438 noop=0.469 ships=2.40
[2026-05-13 08:57:55 UTC] eval_start checkpoint=candidate opponent=starter games=32
[2026-05-13 08:58:42 UTC] eval_progress checkpoint=candidate opponent=starter games=8/32 wins=0
[2026-05-13 08:59:58 UTC] eval_progress checkpoint=candidate opponent=starter games=16/32 wins=0
[2026-05-13 09:01:02 UTC] eval_progress checkpoint=candidate opponent=starter games=24/32 wins=0
[2026-05-13 09:01:49 UTC] eval_progress checkpoint=candidate opponent=starter games=32/32 wins=0
[2026-05-13 09:01:49 UTC] eval_done checkpoint=candidate opponent=starter winrate=0.000 noop=0.418 ships=2.29
[2026-05-13 09:01:49 UTC] eval_start checkpoint=best_validated opponent=random games=32
[2026-05-13 09:02:09 UTC] eval_progress checkpoint=best_validated opponent=random games=8/32 wins=7
[2026-05-13 09:02:29 UTC] eval_progress checkpoint=best_validated opponent=random games=16/32 wins=13
[2026-05-13 09:02:50 UTC] eval_progress checkpoint=best_validated opponent=random games=24/32 wins=20
[2026-05-13 09:03:05 UTC] eval_progress checkpoint=best_validated opponent=random games=32/32 wins=28
[2026-05-13 09:03:05 UTC] eval_done checkpoint=best_validated opponent=random winrate=0.875 noop=0.936 ships=21.47
[2026-05-13 09:03:05 UTC] eval_start checkpoint=best_validated opponent=greedy games=32
[2026-05-13 09:03:25 UTC] eval_progress checkpoint=best_validated opponent=greedy games=8/32 wins=5
[2026-05-13 09:03:41 UTC] eval_progress checkpoint=best_validated opponent=greedy games=16/32 wins=12
[2026-05-13 09:04:06 UTC] eval_progress checkpoint=best_validated opponent=greedy games=24/32 wins=20
[2026-05-13 09:04:27 UTC] eval_progress checkpoint=best_validated opponent=greedy games=32/32 wins=26
[2026-05-13 09:04:27 UTC] eval_done checkpoint=best_validated opponent=greedy winrate=0.812 noop=0.862 ships=9.72
[2026-05-13 09:04:27 UTC] eval_start checkpoint=best_validated opponent=starter games=32
[2026-05-13 09:04:48 UTC] eval_progress checkpoint=best_validated opponent=starter games=8/32 wins=1
[2026-05-13 09:05:15 UTC] eval_progress checkpoint=best_validated opponent=starter games=16/32 wins=4
[2026-05-13 09:05:54 UTC] eval_progress checkpoint=best_validated opponent=starter games=24/32 wins=6
[2026-05-13 09:06:18 UTC] eval_progress checkpoint=best_validated opponent=starter games=32/32 wins=8
[2026-05-13 09:06:18 UTC] eval_done checkpoint=best_validated opponent=starter winrate=0.250 noop=0.797 ships=16.42
[2026-05-13 09:06:18 UTC] eval episodes=512 elapsed=42.6m winrate=0.312 wscore=0.328 ci=[0.229,0.411] best_eval=0.646 best_wscore=0.666 best_ci=[0.546,0.734] noop=0.445 ships=2.34 lr=0.00005000 best=-1.000 target=0.8
[2026-05-13 09:06:18 UTC] not promoted reasons=['delta -0.3333 < margin 0.0300', 'candidate ci_low 0.2285 <= best_winrate 0.6458', 'avg_ships_sent gate failed', 'random regression -0.3750', 'greedy regression -0.3750', 'starter regression -0.2500']
[2026-05-13 09:06:18 UTC] ROLLBACK failed=C:\Users\Capitaine\Documents\GitHub\warorbit\runs\gpu_2p_top1_transfer_local\candidate_failed_000000512.npz regressions=1 lr=0.00005000->0.00002500
[2026-05-13 09:06:18 UTC] AUTO_STABILIZE action=hold reasons=warming_up_1/2 score=0.328 noop=0.445 ships=2.34 passivity=0.518 moves=1.07 min_ships=2 ship_bonus=0.180 noop_penalty=0.700 passivity_penalty=0.550 ratios=[0.25, 0.35, 0.5, 0.65, 0.8, 0.95] counts={'random': 4, 'greedy': 9, 'starter': 7}
[2026-05-13 09:07:09 UTC] run_start name=gpu_2p_top1_transfer_local device=cuda workers=12 target=0.8
[2026-05-13 09:07:09 UTC] policy_prior_strength=0.1
[2026-05-13 09:07:09 UTC] resumed from C:\Users\Capitaine\Documents\GitHub\warorbit\runs\gpu_2p_top1_transfer_local\latest.npz
[2026-05-13 09:07:09 UTC] params=1847362 lr=5e-05
[2026-05-13 09:07:09 UTC] teacher_distillation checkpoint=C:\Users\Capitaine\Documents\GitHub\warorbit\runs\gpu_2p_rg_nosupport_local\best_validated.npz kl_coef=0.0200
[2026-05-13 09:07:09 UTC] curriculum_tier=simple_2p train_pool=['random', 'random', 'random', 'random', 'greedy', 'greedy', 'greedy', 'greedy', 'greedy', 'greedy', 'greedy', 'greedy', 'greedy', 'starter', 'starter', 'starter', 'starter', 'starter', 'starter', 'starter']
[2026-05-13 09:07:12 UTC] inference_server started
[2026-05-13 09:07:13 UTC] 12 workers started
[2026-05-13 09:07:27 UTC] eval_start checkpoint=candidate opponent=random games=32
[2026-05-13 09:09:17 UTC] eval_progress checkpoint=candidate opponent=random games=8/32 wins=1
[2026-05-13 09:09:42 UTC] eval_progress checkpoint=candidate opponent=random games=16/32 wins=1
[2026-05-13 09:10:31 UTC] eval_progress checkpoint=candidate opponent=random games=24/32 wins=4
[2026-05-13 09:11:35 UTC] eval_progress checkpoint=candidate opponent=random games=32/32 wins=9
[2026-05-13 09:11:35 UTC] eval_done checkpoint=candidate opponent=random winrate=0.281 noop=0.432 ships=2.36
[2026-05-13 09:11:35 UTC] eval_start checkpoint=candidate opponent=greedy games=32
[2026-05-13 09:12:19 UTC] eval_progress checkpoint=candidate opponent=greedy games=8/32 wins=6
[2026-05-13 09:13:21 UTC] eval_progress checkpoint=candidate opponent=greedy games=16/32 wins=11
[2026-05-13 09:14:07 UTC] eval_progress checkpoint=candidate opponent=greedy games=24/32 wins=16
[2026-05-13 09:14:51 UTC] eval_progress checkpoint=candidate opponent=greedy games=32/32 wins=22
[2026-05-13 09:14:51 UTC] eval_done checkpoint=candidate opponent=greedy winrate=0.688 noop=0.421 ships=2.33
[2026-05-13 09:14:51 UTC] eval_start checkpoint=candidate opponent=starter games=32
[2026-05-13 09:15:18 UTC] eval_progress checkpoint=candidate opponent=starter games=8/32 wins=0
[2026-05-13 09:16:23 UTC] eval_progress checkpoint=candidate opponent=starter games=16/32 wins=0
[2026-05-13 09:17:05 UTC] eval_progress checkpoint=candidate opponent=starter games=24/32 wins=0
[2026-05-13 09:17:37 UTC] eval_progress checkpoint=candidate opponent=starter games=32/32 wins=0
[2026-05-13 09:17:37 UTC] eval_done checkpoint=candidate opponent=starter winrate=0.000 noop=0.431 ships=2.18
[2026-05-13 09:17:37 UTC] eval_start checkpoint=best_validated opponent=random games=32
[2026-05-13 09:17:52 UTC] eval_progress checkpoint=best_validated opponent=random games=8/32 wins=4
[2026-05-13 09:18:08 UTC] eval_progress checkpoint=best_validated opponent=random games=16/32 wins=11
[2026-05-13 09:18:21 UTC] eval_progress checkpoint=best_validated opponent=random games=24/32 wins=19
[2026-05-13 09:18:39 UTC] eval_progress checkpoint=best_validated opponent=random games=32/32 wins=23
[2026-05-13 09:18:39 UTC] eval_done checkpoint=best_validated opponent=random winrate=0.719 noop=0.917 ships=18.18
[2026-05-13 09:18:39 UTC] eval_start checkpoint=best_validated opponent=greedy games=32
[2026-05-13 09:19:02 UTC] eval_progress checkpoint=best_validated opponent=greedy games=8/32 wins=8
[2026-05-13 09:19:24 UTC] eval_progress checkpoint=best_validated opponent=greedy games=16/32 wins=16
[2026-05-13 09:19:41 UTC] eval_progress checkpoint=best_validated opponent=greedy games=24/32 wins=21
[2026-05-13 09:20:01 UTC] eval_progress checkpoint=best_validated opponent=greedy games=32/32 wins=28
[2026-05-13 09:20:01 UTC] eval_done checkpoint=best_validated opponent=greedy winrate=0.875 noop=0.865 ships=24.13
[2026-05-13 09:20:01 UTC] eval_start checkpoint=best_validated opponent=starter games=32
[2026-05-13 09:20:23 UTC] eval_progress checkpoint=best_validated opponent=starter games=8/32 wins=2
[2026-05-13 09:20:55 UTC] eval_progress checkpoint=best_validated opponent=starter games=16/32 wins=4
[2026-05-13 09:21:17 UTC] eval_progress checkpoint=best_validated opponent=starter games=24/32 wins=7
[2026-05-13 09:21:39 UTC] eval_progress checkpoint=best_validated opponent=starter games=32/32 wins=10
[2026-05-13 09:21:39 UTC] eval_done checkpoint=best_validated opponent=starter winrate=0.312 noop=0.820 ships=16.31
[2026-05-13 09:21:39 UTC] eval episodes=513 elapsed=14.4m winrate=0.323 wscore=0.339 ci=[0.238,0.422] best_eval=0.635 best_wscore=0.652 best_ci=[0.536,0.725] noop=0.428 ships=2.29 lr=0.00005000 best=-1.000 target=0.8
[2026-05-13 09:21:39 UTC] not promoted reasons=['delta -0.3125 < margin 0.0300', 'candidate ci_low 0.2378 <= best_winrate 0.6354', 'avg_ships_sent gate failed', 'random regression -0.4375', 'greedy regression -0.1875', 'starter regression -0.3125']
[2026-05-13 09:21:39 UTC] ROLLBACK failed=C:\Users\Capitaine\Documents\GitHub\warorbit\runs\gpu_2p_top1_transfer_local\candidate_failed_000000513.npz regressions=1 lr=0.00005000->0.00002500
[2026-05-13 09:21:39 UTC] AUTO_STABILIZE action=hold reasons=warming_up_1/2 score=0.339 noop=0.428 ships=2.29 passivity=0.000 moves=0.00 min_ships=2 ship_bonus=0.180 noop_penalty=0.700 passivity_penalty=0.550 ratios=[0.25, 0.35, 0.5, 0.65, 0.8, 0.95] counts={'random': 4, 'greedy': 9, 'starter': 7}
[2026-05-13 09:22:03 UTC] train episodes=544 elapsed=14.8m eps_per_hour=2200.8 train_s=23.89 samples=6585 minibatches=105 winrate=0.250 policy_loss=0.159 value_loss=0.280 total_loss=-0.057 teacher_kl=0.0000 entropy=3.531 kl=0.0014 clip_frac=0.004 ratio_std=0.053914 ratio_range=[0.8216,1.2594] logr_max=0.230661 param_delta=0.00819620 grad_norm=1.335 reward=-0.582 terminal=-0.500 dense=0.182 activity=0.168 mix=-0.079 support=0.062 attack=0.114 expand=0.824 passivity_penalty=0.103 passivity=0.518 noop_p=[0.270->0.268] noop_cap_frac=0.012 slot0_noop=0.383 slot0_p=[0.147->0.147] slot0_cap=0.064 slot0_real=0.862 slot0_real_p=[0.011->0.011] slot0_cap_frac=0.001 slot1_p=[0.497->0.494] slot1_cap=0.119 slot1_real=0.511 slot1_real_p=[0.016->0.010] slot1_cap_frac=0.011 real_moves_game=107.78 real_moves_turn=1.09 temp=1.050 skipped_oldlp=0 missions={'expand': 2617, 'do_nothing': 3136, 'attack': 510, 'support': 322} baseline=-0.704
[2026-05-13 09:22:35 UTC] train episodes=576 elapsed=15.4m eps_per_hour=2249.3 train_s=31.05 samples=6860 minibatches=108 winrate=0.219 policy_loss=0.092 value_loss=0.198 total_loss=-0.160 teacher_kl=0.0000 entropy=3.641 kl=0.0013 clip_frac=0.005 ratio_std=0.052243 ratio_range=[0.8332,1.3064] logr_max=0.267302 param_delta=0.00809314 grad_norm=1.017 reward=-0.598 terminal=-0.562 dense=0.219 activity=0.218 mix=-0.047 support=0.088 attack=0.129 expand=0.783 passivity_penalty=0.064 passivity=0.482 noop_p=[0.233->0.229] noop_cap_frac=0.026 slot0_noop=0.354 slot0_p=[0.077->0.077] slot0_cap=0.056 slot0_real=0.932 slot0_real_p=[0.010->0.010] slot0_cap_frac=0.002 slot1_p=[0.441->0.435] slot1_cap=0.127 slot1_real=0.572 slot1_real_p=[0.023->0.011] slot1_cap_frac=0.027 real_moves_game=116.22 real_moves_turn=1.17 temp=1.050 skipped_oldlp=0 missions={'expand': 2768, 'do_nothing': 3141, 'support': 414, 'attack': 537} baseline=-0.195
[2026-05-13 09:34:38 UTC] run_start name=gpu_2p_top1_transfer_local device=cuda workers=10 target=0.8
[2026-05-13 09:34:38 UTC] policy_prior_strength=0.1
[2026-05-13 09:34:38 UTC] resumed from C:\Users\Capitaine\Documents\GitHub\warorbit\runs\gpu_2p_top1_transfer_local\latest.npz
[2026-05-13 09:34:38 UTC] params=1847362 lr=2.5e-05
[2026-05-13 09:34:39 UTC] teacher_distillation checkpoint=C:\Users\Capitaine\Documents\GitHub\warorbit\runs\gpu_2p_rg_nosupport_local\best_validated.npz kl_coef=0.0200
[2026-05-13 09:34:39 UTC] curriculum_tier=simple_2p train_pool=['random', 'random', 'random', 'random', 'greedy', 'greedy', 'greedy', 'greedy', 'greedy', 'greedy', 'greedy', 'greedy', 'greedy', 'starter', 'starter', 'starter', 'starter', 'starter', 'starter', 'starter']
[2026-05-13 09:34:42 UTC] inference_server started
[2026-05-13 09:34:43 UTC] 10 workers started
[2026-05-13 09:35:54 UTC] train episodes=608 elapsed=1.2m eps_per_hour=30734.6 train_s=26.20 samples=6239 minibatches=99 winrate=0.344 policy_loss=0.052 value_loss=0.227 total_loss=-0.193 teacher_kl=0.0000 entropy=3.417 kl=0.0000 clip_frac=0.000 ratio_std=0.000462 ratio_range=[0.9965,1.0028] logr_max=0.003466 param_delta=0.00775328 grad_norm=0.969 reward=-0.412 terminal=-0.312 dense=0.194 activity=0.168 mix=-0.081 support=0.059 attack=0.108 expand=0.833 passivity_penalty=0.102 passivity=0.529 noop_p=[0.274->0.270] noop_cap_frac=0.019 slot0_noop=0.416 slot0_p=[0.152->0.151] slot0_cap=0.062 slot0_real=0.859 slot0_real_p=[0.013->0.012] slot0_cap_frac=0.004 slot1_p=[0.504->0.501] slot1_cap=0.120 slot1_real=0.504 slot1_real_p=[0.015->0.010] slot1_cap_frac=0.011 real_moves_game=97.69 real_moves_turn=1.00 temp=1.050 skipped_oldlp=0 missions={'do_nothing': 3113, 'expand': 2470, 'attack': 400, 'support': 256} baseline=-0.367
[2026-05-13 09:37:07 UTC] train episodes=640 elapsed=2.4m eps_per_hour=15993.4 train_s=53.76 samples=6463 minibatches=102 winrate=0.312 policy_loss=0.145 value_loss=0.238 total_loss=-0.085 teacher_kl=0.0000 entropy=3.346 kl=0.0000 clip_frac=0.000 ratio_std=0.000626 ratio_range=[0.9960,1.0036] logr_max=0.003994 param_delta=0.00891208 grad_norm=1.014 reward=-0.451 terminal=-0.375 dense=0.190 activity=0.183 mix=-0.078 support=0.067 attack=0.091 expand=0.842 passivity_penalty=0.090 passivity=0.516 noop_p=[0.275->0.271] noop_cap_frac=0.021 slot0_noop=0.375 slot0_p=[0.116->0.116] slot0_cap=0.059 slot0_real=0.895 slot0_real_p=[0.012->0.012] slot0_cap_frac=0.001 slot1_p=[0.511->0.505] slot1_cap=0.134 slot1_real=0.501 slot1_real_p=[0.024->0.013] slot1_cap_frac=0.022 real_moves_game=103.56 real_moves_turn=1.05 temp=1.049 skipped_oldlp=0 missions={'expand': 2650, 'do_nothing': 3149, 'attack': 324, 'support': 340} baseline=-0.142
[2026-05-13 09:38:20 UTC] AUTO_TUNE reasons=update_too_small noop=0.477 lr=0.00002650 entropy_coef=0.1000 prior=0.100 noop_logit_penalty=0.500 noop_prob_cap=0.450 noop_slot_caps=[0.05, 0.08, 0.12, 0.2, 0.32, 0.45, 0.55, 0.65] temp=[1.050,0.180] noop_penalty=0.700 passivity_penalty=0.550 action_bonus=0.280 ship_bonus=0.180
[2026-05-13 09:38:20 UTC] train episodes=672 elapsed=3.6m eps_per_hour=11142.5 train_s=62.20 samples=7006 minibatches=111 winrate=0.500 policy_loss=0.066 value_loss=0.185 total_loss=-0.199 teacher_kl=0.0000 entropy=3.886 kl=0.0000 clip_frac=0.000 ratio_std=0.000736 ratio_range=[0.9953,1.0039] logr_max=0.004678 param_delta=0.00839570 grad_norm=0.904 reward=-0.045 terminal=0.000 dense=0.243 activity=0.220 mix=-0.057 support=0.084 attack=0.111 expand=0.805 passivity_penalty=0.064 passivity=0.475 noop_p=[0.205->0.202] noop_cap_frac=0.022 slot0_noop=0.359 slot0_p=[0.086->0.086] slot0_cap=0.059 slot0_real=0.923 slot0_real_p=[0.009->0.009] slot0_cap_frac=0.000 slot1_p=[0.401->0.398] slot1_cap=0.115 slot1_real=0.608 slot1_real_p=[0.015->0.009] slot1_cap_frac=0.016 real_moves_game=121.66 real_moves_turn=1.24 temp=1.045 skipped_oldlp=0 missions={'expand': 2919, 'do_nothing': 3113, 'attack': 499, 'support': 475} baseline=-0.096
[2026-05-13 09:39:52 UTC] AUTO_TUNE reasons=update_too_small noop=0.466 lr=0.00002809 entropy_coef=0.1000 prior=0.100 noop_logit_penalty=0.500 noop_prob_cap=0.450 noop_slot_caps=[0.05, 0.08, 0.12, 0.2, 0.32, 0.45, 0.55, 0.65] temp=[1.050,0.180] noop_penalty=0.700 passivity_penalty=0.550 action_bonus=0.280 ship_bonus=0.180
[2026-05-13 09:39:52 UTC] train episodes=704 elapsed=5.1m eps_per_hour=8206.7 train_s=74.72 samples=7188 minibatches=114 winrate=0.344 policy_loss=0.050 value_loss=0.207 total_loss=-0.218 teacher_kl=0.0000 entropy=4.113 kl=0.0000 clip_frac=0.000 ratio_std=0.000825 ratio_range=[0.9955,1.0049] logr_max=0.004860 param_delta=0.00904060 grad_norm=0.998 reward=-0.299 terminal=-0.312 dense=0.279 activity=0.227 mix=-0.008 support=0.130 attack=0.117 expand=0.753 passivity_penalty=0.062 passivity=0.465 noop_p=[0.201->0.197] noop_cap_frac=0.026 slot0_noop=0.379 slot0_p=[0.114->0.113] slot0_cap=0.073 slot0_real=0.895 slot0_real_p=[0.010->0.009] slot0_cap_frac=0.005 slot1_p=[0.376->0.369] slot1_cap=0.131 slot1_real=0.637 slot1_real_p=[0.019->0.009] slot1_cap_frac=0.029 real_moves_game=127.03 real_moves_turn=1.28 temp=1.041 skipped_oldlp=0 missions={'do_nothing': 3123, 'expand': 2801, 'support': 662, 'attack': 602} baseline=-0.524
[2026-05-13 09:43:33 UTC] run_start name=gpu_2p_top1_transfer_local device=cuda workers=10 target=0.8
[2026-05-13 09:43:33 UTC] policy_prior_strength=0.1
[2026-05-13 09:43:33 UTC] resumed from C:\Users\Capitaine\Documents\GitHub\warorbit\runs\gpu_2p_top1_transfer_local\latest.npz
[2026-05-13 09:43:34 UTC] params=1847362 lr=2.8090000000000004e-05
[2026-05-13 09:43:34 UTC] teacher_distillation checkpoint=C:\Users\Capitaine\Documents\GitHub\warorbit\runs\gpu_2p_rg_nosupport_local\best_validated.npz kl_coef=0.0200
[2026-05-13 09:43:34 UTC] curriculum_tier=simple_2p train_pool=['random', 'random', 'random', 'random', 'greedy', 'greedy', 'greedy', 'greedy', 'greedy', 'greedy', 'greedy', 'greedy', 'greedy', 'starter', 'starter', 'starter', 'starter', 'starter', 'starter', 'starter']
[2026-05-13 09:43:38 UTC] inference_server started
[2026-05-13 09:43:40 UTC] 10 workers started
[2026-05-13 09:45:06 UTC] train episodes=736 elapsed=1.4m eps_per_hour=30819.9 train_s=26.73 samples=6834 minibatches=162 winrate=0.344 policy_loss=0.041 value_loss=0.068 total_loss=-0.129 teacher_kl=0.0000 entropy=3.455 kl=0.0000 clip_frac=0.000 ratio_std=0.000533 ratio_range=[0.9962,1.0032] logr_max=0.003783 param_delta=0.00827495 grad_norm=0.507 reward=-0.367 terminal=-0.312 dense=0.207 activity=0.203 mix=-0.056 support=0.081 attack=0.130 expand=0.790 passivity_penalty=0.075 passivity=0.492 noop_p=[0.262->0.259] noop_cap_frac=0.022 slot0_noop=0.349 slot0_p=[0.111->0.111] slot0_cap=0.058 slot0_real=0.899 slot0_real_p=[0.011->0.011] slot0_cap_frac=0.000 slot1_p=[0.495->0.491] slot1_cap=0.122 slot1_real=0.514 slot1_real_p=[0.018->0.011] slot1_cap_frac=0.017 real_moves_game=115.44 real_moves_turn=1.17 temp=1.050 skipped_oldlp=0 missions={'do_nothing': 3140, 'expand': 2743, 'attack': 534, 'support': 417} baseline=-0.106
[2026-05-13 09:46:12 UTC] train episodes=768 elapsed=2.5m eps_per_hour=18134.1 train_s=40.89 samples=6950 minibatches=165 winrate=0.344 policy_loss=0.046 value_loss=0.087 total_loss=-0.130 teacher_kl=0.0000 entropy=3.608 kl=0.0000 clip_frac=0.000 ratio_std=0.001034 ratio_range=[0.9930,1.0083] logr_max=0.008232 param_delta=0.00999570 grad_norm=0.478 reward=-0.328 terminal=-0.312 dense=0.252 activity=0.233 mix=-0.040 support=0.098 attack=0.095 expand=0.807 passivity_penalty=0.052 passivity=0.473 noop_p=[0.232->0.228] noop_cap_frac=0.023 slot0_noop=0.346 slot0_p=[0.090->0.089] slot0_cap=0.059 slot0_real=0.921 slot0_real_p=[0.011->0.011] slot0_cap_frac=0.003 slot1_p=[0.436->0.431] slot1_cap=0.122 slot1_real=0.576 slot1_real_p=[0.021->0.011] slot1_cap_frac=0.025 real_moves_game=119.00 real_moves_turn=1.20 temp=1.048 skipped_oldlp=0 missions={'do_nothing': 3142, 'expand': 2960, 'attack': 389, 'support': 459} baseline=-0.191
[2026-05-13 09:47:04 UTC] AUTO_TUNE reasons=update_too_small noop=0.454 lr=0.00002978 entropy_coef=0.1000 prior=0.100 noop_logit_penalty=0.500 noop_prob_cap=0.450 noop_slot_caps=[0.05, 0.08, 0.12, 0.2, 0.32, 0.45, 0.55, 0.65] temp=[1.050,0.180] noop_penalty=0.700 passivity_penalty=0.550 action_bonus=0.280 ship_bonus=0.180
[2026-05-13 09:47:04 UTC] train episodes=800 elapsed=3.4m eps_per_hour=14075.2 train_s=43.00 samples=6973 minibatches=165 winrate=0.219 policy_loss=0.064 value_loss=0.054 total_loss=-0.110 teacher_kl=0.0000 entropy=3.423 kl=0.0000 clip_frac=0.000 ratio_std=0.001875 ratio_range=[0.9877,1.0100] logr_max=0.012348 param_delta=0.00885829 grad_norm=0.404 reward=-0.582 terminal=-0.562 dense=0.243 activity=0.221 mix=-0.040 support=0.101 attack=0.093 expand=0.806 passivity_penalty=0.059 passivity=0.476 noop_p=[0.248->0.241] noop_cap_frac=0.035 slot0_noop=0.334 slot0_p=[0.081->0.080] slot0_cap=0.053 slot0_real=0.931 slot0_real_p=[0.013->0.012] slot0_cap_frac=0.007 slot1_p=[0.462->0.455] slot1_cap=0.114 slot1_real=0.551 slot1_real_p=[0.023->0.012] slot1_cap_frac=0.028 real_moves_game=119.59 real_moves_turn=1.21 temp=1.045 skipped_oldlp=0 missions={'expand': 2975, 'do_nothing': 3146, 'support': 484, 'attack': 368} baseline=-0.642
[2026-05-13 09:48:16 UTC] AUTO_TUNE reasons=update_too_small noop=0.468 lr=0.00003156 entropy_coef=0.1000 prior=0.100 noop_logit_penalty=0.500 noop_prob_cap=0.450 noop_slot_caps=[0.05, 0.08, 0.12, 0.2, 0.32, 0.45, 0.55, 0.65] temp=[1.050,0.180] noop_penalty=0.700 passivity_penalty=0.550 action_bonus=0.280 ship_bonus=0.180
[2026-05-13 09:48:16 UTC] train episodes=832 elapsed=4.6m eps_per_hour=10849.1 train_s=70.45 samples=6173 minibatches=147 winrate=0.250 policy_loss=0.074 value_loss=0.102 total_loss=-0.085 teacher_kl=0.0000 entropy=3.060 kl=0.0000 clip_frac=0.000 ratio_std=0.001986 ratio_range=[0.9883,1.0122] logr_max=0.012160 param_delta=0.01113756 grad_norm=0.574 reward=-0.589 terminal=-0.500 dense=0.178 activity=0.161 mix=-0.085 support=0.059 attack=0.089 expand=0.852 passivity_penalty=0.106 passivity=0.537 noop_p=[0.308->0.305] noop_cap_frac=0.019 slot0_noop=0.392 slot0_p=[0.137->0.136] slot0_cap=0.057 slot0_real=0.875 slot0_real_p=[0.014->0.014] slot0_cap_frac=0.001 slot1_p=[0.578->0.575] slot1_cap=0.128 slot1_real=0.430 slot1_real_p=[0.021->0.013] slot1_cap_frac=0.015 real_moves_game=94.88 real_moves_turn=0.96 temp=1.041 skipped_oldlp=0 missions={'do_nothing': 3137, 'expand': 2477, 'attack': 301, 'support': 258} baseline=-0.766
[2026-05-13 09:49:56 UTC] AUTO_TUNE reasons=update_too_small noop=0.465 lr=0.00003346 entropy_coef=0.1000 prior=0.100 noop_logit_penalty=0.500 noop_prob_cap=0.450 noop_slot_caps=[0.05, 0.08, 0.12, 0.2, 0.32, 0.45, 0.55, 0.65] temp=[1.050,0.180] noop_penalty=0.700 passivity_penalty=0.550 action_bonus=0.280 ship_bonus=0.180
[2026-05-13 09:49:56 UTC] train episodes=864 elapsed=6.3m eps_per_hour=8265.3 train_s=99.25 samples=6908 minibatches=162 winrate=0.125 policy_loss=0.022 value_loss=0.049 total_loss=-0.163 teacher_kl=0.0000 entropy=3.650 kl=0.0000 clip_frac=0.000 ratio_std=0.003386 ratio_range=[0.9853,1.0176] logr_max=0.017451 param_delta=0.01005984 grad_norm=0.324 reward=-0.777 terminal=-0.750 dense=0.234 activity=0.205 mix=-0.039 support=0.096 attack=0.104 expand=0.800 passivity_penalty=0.073 passivity=0.485 noop_p=[0.244->0.240] noop_cap_frac=0.019 slot0_noop=0.354 slot0_p=[0.107->0.105] slot0_cap=0.058 slot0_real=0.905 slot0_real_p=[0.013->0.011] slot0_cap_frac=0.006 slot1_p=[0.448->0.444] slot1_cap=0.120 slot1_real=0.562 slot1_real_p=[0.017->0.010] slot1_cap_frac=0.017 real_moves_game=117.84 real_moves_turn=1.19 temp=1.038 skipped_oldlp=0 missions={'do_nothing': 3137, 'expand': 2830, 'attack': 498, 'support': 443} baseline=-0.960
[2026-05-13 09:51:41 UTC] AUTO_TUNE reasons=update_too_small noop=0.460 lr=0.00003546 entropy_coef=0.1000 prior=0.100 noop_logit_penalty=0.500 noop_prob_cap=0.450 noop_slot_caps=[0.05, 0.08, 0.12, 0.2, 0.32, 0.45, 0.55, 0.65] temp=[1.050,0.180] noop_penalty=0.700 passivity_penalty=0.550 action_bonus=0.280 ship_bonus=0.180
[2026-05-13 09:51:41 UTC] train episodes=896 elapsed=8.0m eps_per_hour=6704.7 train_s=104.07 samples=7218 minibatches=171 winrate=0.281 policy_loss=0.062 value_loss=0.082 total_loss=-0.129 teacher_kl=0.0000 entropy=4.060 kl=0.0000 clip_frac=0.000 ratio_std=0.004239 ratio_range=[0.9831,1.0201] logr_max=0.019896 param_delta=0.01253915 grad_norm=0.462 reward=-0.446 terminal=-0.438 dense=0.248 activity=0.232 mix=-0.026 support=0.105 attack=0.120 expand=0.775 passivity_penalty=0.055 passivity=0.460 noop_p=[0.192->0.189] noop_cap_frac=0.016 slot0_noop=0.348 slot0_p=[0.060->0.060] slot0_cap=0.054 slot0_real=0.948 slot0_real_p=[0.009->0.009] slot0_cap_frac=0.001 slot1_p=[0.387->0.385] slot1_cap=0.106 slot1_real=0.620 slot1_real_p=[0.012->0.008] slot1_cap_frac=0.011 real_moves_game=127.97 real_moves_turn=1.29 temp=1.034 skipped_oldlp=0 missions={'expand': 2972, 'do_nothing': 3123, 'support': 542, 'attack': 581} baseline=-0.662
[2026-05-13 09:53:14 UTC] AUTO_TUNE reasons=update_too_small noop=0.465 lr=0.00003759 entropy_coef=0.1000 prior=0.100 noop_logit_penalty=0.500 noop_prob_cap=0.450 noop_slot_caps=[0.05, 0.08, 0.12, 0.2, 0.32, 0.45, 0.55, 0.65] temp=[1.050,0.180] noop_penalty=0.700 passivity_penalty=0.550 action_bonus=0.280 ship_bonus=0.180
[2026-05-13 09:53:14 UTC] train episodes=928 elapsed=9.6m eps_per_hour=5822.0 train_s=92.10 samples=6558 minibatches=156 winrate=0.094 policy_loss=0.028 value_loss=0.056 total_loss=-0.147 teacher_kl=0.0000 entropy=3.323 kl=0.0000 clip_frac=0.000 ratio_std=0.007679 ratio_range=[0.9491,1.0430] logr_max=0.052245 param_delta=0.00992777 grad_norm=0.502 reward=-0.874 terminal=-0.812 dense=0.180 activity=0.190 mix=-0.065 support=0.075 attack=0.140 expand=0.785 passivity_penalty=0.085 passivity=0.508 noop_p=[0.274->0.269] noop_cap_frac=0.024 slot0_noop=0.371 slot0_p=[0.111->0.110] slot0_cap=0.054 slot0_real=0.900 slot0_real_p=[0.012->0.011] slot0_cap_frac=0.005 slot1_p=[0.484->0.479] slot1_cap=0.110 slot1_real=0.528 slot1_real_p=[0.024->0.013] slot1_cap_frac=0.023 real_moves_game=106.69 real_moves_turn=1.08 temp=1.031 skipped_oldlp=0 missions={'expand': 2491, 'do_nothing': 3144, 'attack': 585, 'support': 338} baseline=-0.949
[2026-05-13 09:54:50 UTC] AUTO_TUNE reasons=update_too_small noop=0.472 lr=0.00003985 entropy_coef=0.1000 prior=0.100 noop_logit_penalty=0.500 noop_prob_cap=0.450 noop_slot_caps=[0.05, 0.08, 0.12, 0.2, 0.32, 0.45, 0.55, 0.65] temp=[1.050,0.180] noop_penalty=0.700 passivity_penalty=0.550 action_bonus=0.280 ship_bonus=0.180
[2026-05-13 09:54:50 UTC] train episodes=960 elapsed=11.2m eps_per_hour=5157.1 train_s=95.69 samples=6452 minibatches=153 winrate=0.188 policy_loss=-0.002 value_loss=0.055 total_loss=-0.183 teacher_kl=0.0001 entropy=3.438 kl=0.0001 clip_frac=0.000 ratio_std=0.012196 ratio_range=[0.9457,1.0558] logr_max=0.055787 param_delta=0.01085464 grad_norm=0.415 reward=-0.693 terminal=-0.625 dense=0.210 activity=0.172 mix=-0.057 support=0.090 attack=0.112 expand=0.798 passivity_penalty=0.099 passivity=0.521 noop_p=[0.284->0.279] noop_cap_frac=0.023 slot0_noop=0.413 slot0_p=[0.175->0.174] slot0_cap=0.064 slot0_real=0.835 slot0_real_p=[0.012->0.011] slot0_cap_frac=0.005 slot1_p=[0.500->0.494] slot1_cap=0.127 slot1_real=0.512 slot1_real_p=[0.023->0.011] slot1_cap_frac=0.027 real_moves_game=103.53 real_moves_turn=1.05 temp=1.026 skipped_oldlp=0 missions={'expand': 2448, 'do_nothing': 3139, 'attack': 468, 'support': 397} baseline=-0.810
[2026-05-13 09:57:18 UTC] AUTO_TUNE reasons=update_too_small noop=0.459 lr=0.00004224 entropy_coef=0.1000 prior=0.100 noop_logit_penalty=0.500 noop_prob_cap=0.450 noop_slot_caps=[0.05, 0.08, 0.12, 0.2, 0.32, 0.45, 0.55, 0.65] temp=[1.050,0.180] noop_penalty=0.700 passivity_penalty=0.550 action_bonus=0.280 ship_bonus=0.180
[2026-05-13 09:57:18 UTC] train episodes=992 elapsed=13.6m eps_per_hour=4366.5 train_s=146.85 samples=7026 minibatches=165 winrate=0.344 policy_loss=0.030 value_loss=0.085 total_loss=-0.156 teacher_kl=0.0001 entropy=3.842 kl=0.0001 clip_frac=0.000 ratio_std=0.011034 ratio_range=[0.9398,1.0858] logr_max=0.082324 param_delta=0.01392231 grad_norm=0.485 reward=-0.353 terminal=-0.312 dense=0.215 activity=0.222 mix=-0.046 support=0.094 attack=0.102 expand=0.805 passivity_penalty=0.062 passivity=0.471 noop_p=[0.215->0.213] noop_cap_frac=0.017 slot0_noop=0.344 slot0_p=[0.068->0.068] slot0_cap=0.055 slot0_real=0.941 slot0_real_p=[0.010->0.010] slot0_cap_frac=0.000 slot1_p=[0.427->0.425] slot1_cap=0.104 slot1_real=0.581 slot1_real_p=[0.014->0.010] slot1_cap_frac=0.011 real_moves_game=122.56 real_moves_turn=1.25 temp=1.022 skipped_oldlp=0 missions={'expand': 2947, 'do_nothing': 3104, 'attack': 459, 'support': 516} baseline=-0.383
[2026-05-13 09:58:43 UTC] AUTO_TUNE reasons=update_too_small noop=0.470 lr=0.00004477 entropy_coef=0.1000 prior=0.100 noop_logit_penalty=0.500 noop_prob_cap=0.450 noop_slot_caps=[0.05, 0.08, 0.12, 0.2, 0.32, 0.45, 0.55, 0.65] temp=[1.050,0.180] noop_penalty=0.700 passivity_penalty=0.550 action_bonus=0.280 ship_bonus=0.180
[2026-05-13 09:58:43 UTC] train episodes=1024 elapsed=15.1m eps_per_hour=4082.2 train_s=84.45 samples=6198 minibatches=147 winrate=0.156 policy_loss=0.076 value_loss=0.074 total_loss=-0.103 teacher_kl=0.0001 entropy=3.331 kl=0.0000 clip_frac=0.000 ratio_std=0.006706 ratio_range=[0.9614,1.0909] logr_max=0.086980 param_delta=0.01172155 grad_norm=0.543 reward=-0.788 terminal=-0.688 dense=0.169 activity=0.159 mix=-0.101 support=0.044 attack=0.112 expand=0.843 passivity_penalty=0.110 passivity=0.539 noop_p=[0.288->0.286] noop_cap_frac=0.014 slot0_noop=0.409 slot0_p=[0.148->0.148] slot0_cap=0.058 slot0_real=0.862 slot0_real_p=[0.012->0.011] slot0_cap_frac=0.001 slot1_p=[0.546->0.545] slot1_cap=0.107 slot1_real=0.460 slot1_real_p=[0.013->0.010] slot1_cap_frac=0.006 real_moves_game=95.28 real_moves_turn=0.96 temp=1.018 skipped_oldlp=0 missions={'expand': 2396, 'do_nothing': 3149, 'attack': 436, 'support': 217} baseline=-0.668
[2026-05-13 09:58:44 UTC] eval_start checkpoint=candidate opponent=random games=32
[2026-05-13 09:59:02 UTC] eval_progress checkpoint=candidate opponent=random games=8/32 wins=8
[2026-05-13 09:59:20 UTC] eval_progress checkpoint=candidate opponent=random games=16/32 wins=16
[2026-05-13 09:59:36 UTC] eval_progress checkpoint=candidate opponent=random games=24/32 wins=22
[2026-05-13 09:59:51 UTC] eval_progress checkpoint=candidate opponent=random games=32/32 wins=30
[2026-05-13 09:59:51 UTC] eval_done checkpoint=candidate opponent=random winrate=0.938 noop=1.000 ships=0.00
[2026-05-13 09:59:51 UTC] eval_start checkpoint=candidate opponent=greedy games=32
[2026-05-13 10:00:08 UTC] eval_progress checkpoint=candidate opponent=greedy games=8/32 wins=8
[2026-05-13 10:00:24 UTC] eval_progress checkpoint=candidate opponent=greedy games=16/32 wins=16
[2026-05-13 10:00:38 UTC] eval_progress checkpoint=candidate opponent=greedy games=24/32 wins=24
[2026-05-13 10:00:59 UTC] eval_progress checkpoint=candidate opponent=greedy games=32/32 wins=32
[2026-05-13 10:00:59 UTC] eval_done checkpoint=candidate opponent=greedy winrate=1.000 noop=0.983 ships=0.16
[2026-05-13 10:00:59 UTC] eval_start checkpoint=candidate opponent=starter games=32
[2026-05-13 10:01:13 UTC] eval_progress checkpoint=candidate opponent=starter games=8/32 wins=3
[2026-05-13 10:01:28 UTC] eval_progress checkpoint=candidate opponent=starter games=16/32 wins=6
[2026-05-13 10:01:44 UTC] eval_progress checkpoint=candidate opponent=starter games=24/32 wins=8
[2026-05-13 10:01:59 UTC] eval_progress checkpoint=candidate opponent=starter games=32/32 wins=11
[2026-05-13 10:01:59 UTC] eval_done checkpoint=candidate opponent=starter winrate=0.344 noop=0.973 ships=1.54
[2026-05-13 10:02:00 UTC] eval_start checkpoint=best_validated opponent=random games=32
[2026-05-13 10:02:24 UTC] eval_progress checkpoint=best_validated opponent=random games=8/32 wins=7
[2026-05-13 10:02:46 UTC] eval_progress checkpoint=best_validated opponent=random games=16/32 wins=15
[2026-05-13 10:03:02 UTC] eval_progress checkpoint=best_validated opponent=random games=24/32 wins=22
[2026-05-13 10:03:18 UTC] eval_progress checkpoint=best_validated opponent=random games=32/32 wins=29
[2026-05-13 10:03:18 UTC] eval_done checkpoint=best_validated opponent=random winrate=0.906 noop=0.880 ships=6.29
[2026-05-13 10:03:18 UTC] eval_start checkpoint=best_validated opponent=greedy games=32
[2026-05-13 10:03:38 UTC] eval_progress checkpoint=best_validated opponent=greedy games=8/32 wins=5
[2026-05-13 10:03:59 UTC] eval_progress checkpoint=best_validated opponent=greedy games=16/32 wins=12
[2026-05-13 10:04:21 UTC] eval_progress checkpoint=best_validated opponent=greedy games=24/32 wins=18
[2026-05-13 10:04:41 UTC] eval_progress checkpoint=best_validated opponent=greedy games=32/32 wins=25
[2026-05-13 10:04:41 UTC] eval_done checkpoint=best_validated opponent=greedy winrate=0.781 noop=0.841 ships=9.60
[2026-05-13 10:04:41 UTC] eval_start checkpoint=best_validated opponent=starter games=32
[2026-05-13 10:05:01 UTC] eval_progress checkpoint=best_validated opponent=starter games=8/32 wins=3
[2026-05-13 10:05:21 UTC] eval_progress checkpoint=best_validated opponent=starter games=16/32 wins=5
[2026-05-13 10:05:41 UTC] eval_progress checkpoint=best_validated opponent=starter games=24/32 wins=6
[2026-05-13 10:06:09 UTC] eval_progress checkpoint=best_validated opponent=starter games=32/32 wins=9
[2026-05-13 10:06:09 UTC] eval_done checkpoint=best_validated opponent=starter winrate=0.281 noop=0.798 ships=14.34
[2026-05-13 10:06:09 UTC] eval episodes=1025 elapsed=22.5m winrate=0.760 wscore=0.781 ci=[0.666,0.835] best_eval=0.656 best_wscore=0.675 best_ci=[0.557,0.744] noop=0.985 ships=0.56 lr=0.00004477 best=-1.000 target=0.8
[2026-05-13 10:06:09 UTC] not promoted reasons=['do_nothing gate failed', 'avg_ships_sent gate failed', 'noop rollback 0.9852 > 0.9000']
[2026-05-13 10:06:09 UTC] ROLLBACK failed=C:\Users\Capitaine\Documents\GitHub\warorbit\runs\gpu_2p_top1_transfer_local\candidate_failed_000001025.npz regressions=1 lr=0.00004477->0.00002239
[2026-05-13 10:06:09 UTC] AUTO_STABILIZE action=hold reasons=warming_up_1/2 score=0.781 noop=0.985 ships=0.56 passivity=0.539 moves=0.96 min_ships=2 ship_bonus=0.180 noop_penalty=0.700 passivity_penalty=0.550 ratios=[0.25, 0.35, 0.5, 0.65, 0.8, 0.95] counts={'random': 4, 'greedy': 9, 'starter': 7}
[2026-05-13 10:06:41 UTC] train episodes=1056 elapsed=23.0m eps_per_hour=2752.7 train_s=30.98 samples=7451 minibatches=177 winrate=0.219 policy_loss=0.059 value_loss=0.138 total_loss=-0.114 teacher_kl=0.0000 entropy=4.096 kl=0.0002 clip_frac=0.000 ratio_std=0.021037 ratio_range=[0.9052,1.0985] logr_max=0.099555 param_delta=0.00880723 grad_norm=0.725 reward=-0.567 terminal=-0.562 dense=0.261 activity=0.250 mix=-0.030 support=0.115 attack=0.120 expand=0.765 passivity_penalty=0.042 passivity=0.442 noop_p=[0.195->0.191] noop_cap_frac=0.026 slot0_noop=0.312 slot0_p=[0.067->0.065] slot0_cap=0.051 slot0_real=0.943 slot0_real_p=[0.010->0.009] slot0_cap_frac=0.007 slot1_p=[0.358->0.353] slot1_cap=0.094 slot1_real=0.654 slot1_real_p=[0.018->0.010] slot1_cap_frac=0.022 real_moves_game=135.50 real_moves_turn=1.37 temp=1.013 skipped_oldlp=0 missions={'do_nothing': 3115, 'expand': 3170, 'attack': 550, 'support': 616} baseline=-0.171
[2026-05-13 10:07:06 UTC] train episodes=1088 elapsed=23.4m eps_per_hour=2785.8 train_s=24.17 samples=6980 minibatches=165 winrate=0.219 policy_loss=0.044 value_loss=0.096 total_loss=-0.131 teacher_kl=0.0000 entropy=3.698 kl=0.0002 clip_frac=0.000 ratio_std=0.017262 ratio_range=[0.8907,1.0896] logr_max=0.115794 param_delta=0.00840377 grad_norm=0.596 reward=-0.595 terminal=-0.562 dense=0.252 activity=0.214 mix=-0.052 support=0.085 attack=0.123 expand=0.791 passivity_penalty=0.067 passivity=0.479 noop_p=[0.227->0.224] noop_cap_frac=0.021 slot0_noop=0.361 slot0_p=[0.101->0.101] slot0_cap=0.058 slot0_real=0.908 slot0_real_p=[0.011->0.010] slot0_cap_frac=0.001 slot1_p=[0.415->0.411] slot1_cap=0.121 slot1_real=0.596 slot1_real_p=[0.019->0.011] slot1_cap_frac=0.020 real_moves_game=120.19 real_moves_turn=1.21 temp=1.027 skipped_oldlp=0 missions={'expand': 2835, 'do_nothing': 3134, 'support': 445, 'attack': 566} baseline=-0.747
[2026-05-13 10:07:37 UTC] AUTO_TUNE reasons=update_too_small noop=0.450 lr=0.00002373 entropy_coef=0.1000 prior=0.100 noop_logit_penalty=0.500 noop_prob_cap=0.450 noop_slot_caps=[0.05, 0.08, 0.12, 0.2, 0.32, 0.45, 0.55, 0.65] temp=[1.050,0.180] noop_penalty=0.700 passivity_penalty=0.550 action_bonus=0.280 ship_bonus=0.180
[2026-05-13 10:07:37 UTC] train episodes=1120 elapsed=23.9m eps_per_hour=2806.1 train_s=21.24 samples=6551 minibatches=156 winrate=0.219 policy_loss=0.064 value_loss=0.097 total_loss=-0.104 teacher_kl=0.0000 entropy=3.322 kl=0.0000 clip_frac=0.000 ratio_std=0.001356 ratio_range=[0.9936,1.0111] logr_max=0.011009 param_delta=0.00802240 grad_norm=0.575 reward=-0.626 terminal=-0.562 dense=0.217 activity=0.205 mix=-0.067 support=0.075 attack=0.099 expand=0.827 passivity_penalty=0.073 passivity=0.503 noop_p=[0.258->0.254] noop_cap_frac=0.025 slot0_noop=0.358 slot0_p=[0.081->0.080] slot0_cap=0.056 slot0_real=0.931 slot0_real_p=[0.013->0.012] slot0_cap_frac=0.002 slot1_p=[0.499->0.492] slot1_cap=0.134 slot1_real=0.515 slot1_real_p=[0.026->0.013] slot1_cap_frac=0.027 real_moves_game=106.16 real_moves_turn=1.07 temp=1.047 skipped_oldlp=0 missions={'expand': 2708, 'do_nothing': 3154, 'support': 331, 'attack': 358} baseline=-0.713
[2026-05-13 10:08:33 UTC] AUTO_TUNE reasons=update_too_small noop=0.447 lr=0.00002515 entropy_coef=0.1000 prior=0.100 noop_logit_penalty=0.500 noop_prob_cap=0.450 noop_slot_caps=[0.05, 0.08, 0.12, 0.2, 0.32, 0.45, 0.55, 0.65] temp=[1.050,0.180] noop_penalty=0.700 passivity_penalty=0.550 action_bonus=0.280 ship_bonus=0.180
[2026-05-13 10:08:33 UTC] train episodes=1152 elapsed=24.9m eps_per_hour=2777.5 train_s=30.74 samples=7087 minibatches=168 winrate=0.406 policy_loss=0.103 value_loss=0.102 total_loss=-0.076 teacher_kl=0.0000 entropy=3.915 kl=0.0000 clip_frac=0.000 ratio_std=0.001212 ratio_range=[0.9925,1.0073] logr_max=0.007536 param_delta=0.00893770 grad_norm=0.627 reward=-0.198 terminal=-0.188 dense=0.246 activity=0.216 mix=-0.026 support=0.108 attack=0.084 expand=0.808 passivity_penalty=0.067 passivity=0.472 noop_p=[0.216->0.212] noop_cap_frac=0.022 slot0_noop=0.367 slot0_p=[0.104->0.104] slot0_cap=0.065 slot0_real=0.904 slot0_real_p=[0.009->0.009] slot0_cap_frac=0.000 slot1_p=[0.403->0.398] slot1_cap=0.133 slot1_real=0.608 slot1_real_p=[0.018->0.010] slot1_cap_frac=0.023 real_moves_game=124.38 real_moves_turn=1.26 temp=1.040 skipped_oldlp=0 missions={'expand': 3056, 'do_nothing': 3107, 'support': 566, 'attack': 358} baseline=-0.201
[2026-05-13 10:09:17 UTC] AUTO_TUNE reasons=update_too_small noop=0.453 lr=0.00002666 entropy_coef=0.1000 prior=0.100 noop_logit_penalty=0.500 noop_prob_cap=0.450 noop_slot_caps=[0.05, 0.08, 0.12, 0.2, 0.32, 0.45, 0.55, 0.65] temp=[1.050,0.180] noop_penalty=0.700 passivity_penalty=0.550 action_bonus=0.280 ship_bonus=0.180
[2026-05-13 10:09:17 UTC] train episodes=1184 elapsed=25.6m eps_per_hour=2772.0 train_s=24.31 samples=6573 minibatches=156 winrate=0.344 policy_loss=0.049 value_loss=0.107 total_loss=-0.120 teacher_kl=0.0000 entropy=3.389 kl=0.0000 clip_frac=0.000 ratio_std=0.000783 ratio_range=[0.9923,1.0047] logr_max=0.007697 param_delta=0.00874550 grad_norm=0.641 reward=-0.355 terminal=-0.312 dense=0.280 activity=0.207 mix=-0.059 support=0.078 attack=0.091 expand=0.831 passivity_penalty=0.072 passivity=0.501 noop_p=[0.265->0.260] noop_cap_frac=0.028 slot0_noop=0.372 slot0_p=[0.123->0.123] slot0_cap=0.062 slot0_real=0.887 slot0_real_p=[0.012->0.011] slot0_cap_frac=0.001 slot1_p=[0.482->0.475] slot1_cap=0.131 slot1_real=0.532 slot1_real_p=[0.028->0.013] slot1_cap_frac=0.034 real_moves_game=106.94 real_moves_turn=1.08 temp=1.036 skipped_oldlp=0 missions={'do_nothing': 3151, 'expand': 2719, 'attack': 368, 'support': 335} baseline=-0.583
[2026-05-13 10:10:13 UTC] AUTO_TUNE reasons=update_too_small noop=0.462 lr=0.00002826 entropy_coef=0.1000 prior=0.100 noop_logit_penalty=0.500 noop_prob_cap=0.450 noop_slot_caps=[0.05, 0.08, 0.12, 0.2, 0.32, 0.45, 0.55, 0.65] temp=[1.050,0.180] noop_penalty=0.700 passivity_penalty=0.550 action_bonus=0.280 ship_bonus=0.180
[2026-05-13 10:10:13 UTC] train episodes=1216 elapsed=26.5m eps_per_hour=2748.1 train_s=28.66 samples=6797 minibatches=162 winrate=0.406 policy_loss=0.083 value_loss=0.111 total_loss=-0.089 teacher_kl=0.0000 entropy=3.760 kl=0.0000 clip_frac=0.000 ratio_std=0.000975 ratio_range=[0.9935,1.0072] logr_max=0.007193 param_delta=0.01046321 grad_norm=0.613 reward=-0.232 terminal=-0.188 dense=0.243 activity=0.187 mix=-0.053 support=0.088 attack=0.109 expand=0.804 passivity_penalty=0.088 passivity=0.499 noop_p=[0.239->0.236] noop_cap_frac=0.019 slot0_noop=0.388 slot0_p=[0.127->0.126] slot0_cap=0.069 slot0_real=0.883 slot0_real_p=[0.011->0.010] slot0_cap_frac=0.005 slot1_p=[0.455->0.452] slot1_cap=0.154 slot1_real=0.554 slot1_real_p=[0.016->0.009] slot1_cap_frac=0.016 real_moves_game=114.62 real_moves_turn=1.16 temp=1.031 skipped_oldlp=0 missions={'expand': 2781, 'do_nothing': 3129, 'support': 448, 'attack': 439} baseline=-0.257
[2026-05-13 10:11:24 UTC] AUTO_TUNE reasons=update_too_small noop=0.462 lr=0.00002996 entropy_coef=0.1000 prior=0.100 noop_logit_penalty=0.500 noop_prob_cap=0.450 noop_slot_caps=[0.05, 0.08, 0.12, 0.2, 0.32, 0.45, 0.55, 0.65] temp=[1.050,0.180] noop_penalty=0.700 passivity_penalty=0.550 action_bonus=0.280 ship_bonus=0.180
[2026-05-13 10:11:24 UTC] train episodes=1248 elapsed=27.7m eps_per_hour=2699.7 train_s=45.19 samples=6964 minibatches=165 winrate=0.281 policy_loss=0.051 value_loss=0.087 total_loss=-0.136 teacher_kl=0.0000 entropy=3.908 kl=0.0000 clip_frac=0.000 ratio_std=0.001423 ratio_range=[0.9913,1.0093] logr_max=0.009248 param_delta=0.00941851 grad_norm=0.580 reward=-0.477 terminal=-0.438 dense=0.249 activity=0.221 mix=-0.060 support=0.077 attack=0.136 expand=0.787 passivity_penalty=0.063 passivity=0.479 noop_p=[0.221->0.219] noop_cap_frac=0.009 slot0_noop=0.345 slot0_p=[0.080->0.080] slot0_cap=0.062 slot0_real=0.929 slot0_real_p=[0.010->0.010] slot0_cap_frac=0.000 slot1_p=[0.457->0.455] slot1_cap=0.150 slot1_real=0.549 slot1_real_p=[0.010->0.008] slot1_cap_frac=0.006 real_moves_game=119.53 real_moves_turn=1.21 temp=1.027 skipped_oldlp=0 missions={'expand': 2827, 'do_nothing': 3139, 'attack': 597, 'support': 401} baseline=-0.402
[2026-05-13 10:12:08 UTC] AUTO_TUNE reasons=update_too_small noop=0.459 lr=0.00003175 entropy_coef=0.1000 prior=0.100 noop_logit_penalty=0.500 noop_prob_cap=0.450 noop_slot_caps=[0.05, 0.08, 0.12, 0.2, 0.32, 0.45, 0.55, 0.65] temp=[1.050,0.180] noop_penalty=0.700 passivity_penalty=0.550 action_bonus=0.280 ship_bonus=0.180
[2026-05-13 10:12:08 UTC] train episodes=1280 elapsed=28.5m eps_per_hour=2696.9 train_s=36.92 samples=6715 minibatches=159 winrate=0.219 policy_loss=0.094 value_loss=0.067 total_loss=-0.085 teacher_kl=0.0000 entropy=3.625 kl=0.0000 clip_frac=0.000 ratio_std=0.002195 ratio_range=[0.9915,1.0140] logr_max=0.013940 param_delta=0.00931838 grad_norm=0.450 reward=-0.597 terminal=-0.562 dense=0.223 activity=0.191 mix=-0.039 support=0.096 attack=0.098 expand=0.806 passivity_penalty=0.085 passivity=0.502 noop_p=[0.249->0.244] noop_cap_frac=0.022 slot0_noop=0.385 slot0_p=[0.126->0.126] slot0_cap=0.066 slot0_real=0.884 slot0_real_p=[0.012->0.011] slot0_cap_frac=0.002 slot1_p=[0.460->0.454] slot1_cap=0.133 slot1_real=0.553 slot1_real_p=[0.022->0.011] slot1_cap_frac=0.026 real_moves_game=111.53 real_moves_turn=1.13 temp=1.024 skipped_oldlp=0 missions={'expand': 2722, 'do_nothing': 3146, 'support': 460, 'attack': 387} baseline=-0.648
[2026-05-13 10:12:52 UTC] AUTO_TUNE reasons=update_too_small noop=0.465 lr=0.00003366 entropy_coef=0.1000 prior=0.100 noop_logit_penalty=0.500 noop_prob_cap=0.450 noop_slot_caps=[0.05, 0.08, 0.12, 0.2, 0.32, 0.45, 0.55, 0.65] temp=[1.050,0.180] noop_penalty=0.700 passivity_penalty=0.550 action_bonus=0.280 ship_bonus=0.180
[2026-05-13 10:12:52 UTC] train episodes=1312 elapsed=29.2m eps_per_hour=2695.3 train_s=28.44 samples=6712 minibatches=159 winrate=0.406 policy_loss=0.048 value_loss=0.113 total_loss=-0.130 teacher_kl=0.0000 entropy=3.754 kl=0.0000 clip_frac=0.000 ratio_std=0.003683 ratio_range=[0.9771,1.0240] logr_max=0.023741 param_delta=0.01174676 grad_norm=0.629 reward=-0.223 terminal=-0.188 dense=0.253 activity=0.200 mix=-0.040 support=0.093 attack=0.087 expand=0.820 passivity_penalty=0.079 passivity=0.498 noop_p=[0.234->0.231] noop_cap_frac=0.022 slot0_noop=0.399 slot0_p=[0.136->0.135] slot0_cap=0.068 slot0_real=0.874 slot0_real_p=[0.012->0.011] slot0_cap_frac=0.005 slot1_p=[0.435->0.430] slot1_cap=0.144 slot1_real=0.576 slot1_real_p=[0.019->0.010] slot1_cap_frac=0.023 real_moves_game=111.50 real_moves_turn=1.13 temp=1.019 skipped_oldlp=0 missions={'expand': 2754, 'do_nothing': 3144, 'attack': 391, 'support': 423} baseline=-0.167
[2026-05-13 10:14:02 UTC] AUTO_TUNE reasons=update_too_small noop=0.458 lr=0.00003568 entropy_coef=0.1000 prior=0.100 noop_logit_penalty=0.500 noop_prob_cap=0.450 noop_slot_caps=[0.05, 0.08, 0.12, 0.2, 0.32, 0.45, 0.55, 0.65] temp=[1.050,0.180] noop_penalty=0.700 passivity_penalty=0.550 action_bonus=0.280 ship_bonus=0.180
[2026-05-13 10:14:02 UTC] train episodes=1344 elapsed=30.4m eps_per_hour=2655.8 train_s=40.80 samples=7091 minibatches=168 winrate=0.375 policy_loss=0.083 value_loss=0.075 total_loss=-0.112 teacher_kl=0.0000 entropy=4.073 kl=0.0000 clip_frac=0.000 ratio_std=0.007194 ratio_range=[0.9605,1.0484] logr_max=0.047288 param_delta=0.01129950 grad_norm=0.504 reward=-0.260 terminal=-0.250 dense=0.251 activity=0.218 mix=-0.038 support=0.094 attack=0.113 expand=0.793 passivity_penalty=0.067 passivity=0.473 noop_p=[0.210->0.207] noop_cap_frac=0.019 slot0_noop=0.365 slot0_p=[0.105->0.105] slot0_cap=0.067 slot0_real=0.902 slot0_real_p=[0.009->0.009] slot0_cap_frac=0.000 slot1_p=[0.389->0.386] slot1_cap=0.142 slot1_real=0.619 slot1_real_p=[0.013->0.008] slot1_cap_frac=0.015 real_moves_game=123.75 real_moves_turn=1.25 temp=1.014 skipped_oldlp=0 missions={'do_nothing': 3131, 'expand': 2965, 'attack': 509, 'support': 486} baseline=-0.214
[2026-05-13 10:14:35 UTC] AUTO_TUNE reasons=update_too_small noop=0.456 lr=0.00003782 entropy_coef=0.1000 prior=0.100 noop_logit_penalty=0.500 noop_prob_cap=0.450 noop_slot_caps=[0.05, 0.08, 0.12, 0.2, 0.32, 0.45, 0.55, 0.65] temp=[1.050,0.180] noop_penalty=0.700 passivity_penalty=0.550 action_bonus=0.280 ship_bonus=0.180
[2026-05-13 10:14:35 UTC] train episodes=1376 elapsed=30.9m eps_per_hour=2670.3 train_s=23.12 samples=6982 minibatches=165 winrate=0.281 policy_loss=0.060 value_loss=0.087 total_loss=-0.128 teacher_kl=0.0001 entropy=3.846 kl=0.0000 clip_frac=0.000 ratio_std=0.006817 ratio_range=[0.9675,1.0281] logr_max=0.033029 param_delta=0.01215633 grad_norm=0.484 reward=-0.462 terminal=-0.438 dense=0.267 activity=0.223 mix=-0.038 support=0.098 attack=0.105 expand=0.796 passivity_penalty=0.061 passivity=0.474 noop_p=[0.209->0.205] noop_cap_frac=0.026 slot0_noop=0.374 slot0_p=[0.085->0.085] slot0_cap=0.057 slot0_real=0.923 slot0_real_p=[0.009->0.008] slot0_cap_frac=0.001 slot1_p=[0.367->0.360] slot1_cap=0.121 slot1_real=0.647 slot1_real_p=[0.022->0.011] slot1_cap_frac=0.031 real_moves_game=120.19 real_moves_turn=1.21 temp=1.010 skipped_oldlp=0 missions={'expand': 2938, 'do_nothing': 3136, 'support': 447, 'attack': 461} baseline=-0.577
[2026-05-13 10:15:24 UTC] AUTO_TUNE reasons=update_too_small noop=0.458 lr=0.00004009 entropy_coef=0.1000 prior=0.100 noop_logit_penalty=0.500 noop_prob_cap=0.450 noop_slot_caps=[0.05, 0.08, 0.12, 0.2, 0.32, 0.45, 0.55, 0.65] temp=[1.050,0.180] noop_penalty=0.700 passivity_penalty=0.550 action_bonus=0.280 ship_bonus=0.180
[2026-05-13 10:15:24 UTC] train episodes=1408 elapsed=31.7m eps_per_hour=2661.6 train_s=24.19 samples=6827 minibatches=162 winrate=0.312 policy_loss=0.036 value_loss=0.072 total_loss=-0.147 teacher_kl=0.0001 entropy=3.606 kl=0.0000 clip_frac=0.000 ratio_std=0.003674 ratio_range=[0.9688,1.0299] logr_max=0.031723 param_delta=0.01175481 grad_norm=0.508 reward=-0.422 terminal=-0.375 dense=0.239 activity=0.221 mix=-0.059 support=0.079 attack=0.096 expand=0.825 passivity_penalty=0.061 passivity=0.482 noop_p=[0.232->0.229] noop_cap_frac=0.016 slot0_noop=0.342 slot0_p=[0.063->0.063] slot0_cap=0.054 slot0_real=0.947 slot0_real_p=[0.010->0.010] slot0_cap_frac=0.000 slot1_p=[0.441->0.437] slot1_cap=0.119 slot1_real=0.570 slot1_real_p=[0.019->0.012] slot1_cap_frac=0.016 real_moves_game=115.09 real_moves_turn=1.16 temp=1.006 skipped_oldlp=0 missions={'expand': 2875, 'do_nothing': 3144, 'attack': 419, 'support': 389} baseline=-0.240
[2026-05-13 10:16:06 UTC] AUTO_TUNE reasons=update_too_small noop=0.461 lr=0.00004249 entropy_coef=0.1000 prior=0.100 noop_logit_penalty=0.500 noop_prob_cap=0.450 noop_slot_caps=[0.05, 0.08, 0.12, 0.2, 0.32, 0.45, 0.55, 0.65] temp=[1.050,0.180] noop_penalty=0.700 passivity_penalty=0.550 action_bonus=0.280 ship_bonus=0.180
[2026-05-13 10:16:06 UTC] train episodes=1440 elapsed=32.4m eps_per_hour=2664.2 train_s=27.13 samples=6507 minibatches=153 winrate=0.219 policy_loss=0.065 value_loss=0.061 total_loss=-0.117 teacher_kl=0.0001 entropy=3.440 kl=0.0000 clip_frac=0.000 ratio_std=0.005094 ratio_range=[0.9653,1.0322] logr_max=0.035327 param_delta=0.01084860 grad_norm=0.436 reward=-0.634 terminal=-0.562 dense=0.195 activity=0.179 mix=-0.066 support=0.073 attack=0.124 expand=0.802 passivity_penalty=0.093 passivity=0.515 noop_p=[0.264->0.260] noop_cap_frac=0.023 slot0_noop=0.392 slot0_p=[0.132->0.132] slot0_cap=0.065 slot0_real=0.879 slot0_real_p=[0.012->0.012] slot0_cap_frac=0.003 slot1_p=[0.471->0.466] slot1_cap=0.132 slot1_real=0.540 slot1_real_p=[0.021->0.012] slot1_cap_frac=0.023 real_moves_game=104.88 real_moves_turn=1.06 temp=1.001 skipped_oldlp=0 missions={'expand': 2534, 'do_nothing': 3151, 'support': 335, 'attack': 487} baseline=-0.694
[2026-05-13 10:17:19 UTC] AUTO_TUNE reasons=update_too_small noop=0.452 lr=0.00004504 entropy_coef=0.1000 prior=0.100 noop_logit_penalty=0.500 noop_prob_cap=0.450 noop_slot_caps=[0.05, 0.08, 0.12, 0.2, 0.32, 0.45, 0.55, 0.65] temp=[1.050,0.180] noop_penalty=0.700 passivity_penalty=0.550 action_bonus=0.280 ship_bonus=0.180
[2026-05-13 10:17:19 UTC] train episodes=1472 elapsed=33.7m eps_per_hour=2624.0 train_s=38.83 samples=7318 minibatches=174 winrate=0.406 policy_loss=0.055 value_loss=0.075 total_loss=-0.130 teacher_kl=0.0001 entropy=4.013 kl=0.0000 clip_frac=0.000 ratio_std=0.006294 ratio_range=[0.9586,1.0407] logr_max=0.042282 param_delta=0.01190031 grad_norm=0.545 reward=-0.198 terminal=-0.188 dense=0.270 activity=0.232 mix=-0.024 support=0.106 attack=0.126 expand=0.768 passivity_penalty=0.056 passivity=0.456 noop_p=[0.209->0.205] noop_cap_frac=0.023 slot0_noop=0.339 slot0_p=[0.088->0.088] slot0_cap=0.061 slot0_real=0.921 slot0_real_p=[0.010->0.009] slot0_cap_frac=0.004 slot1_p=[0.380->0.376] slot1_cap=0.119 slot1_real=0.629 slot1_real_p=[0.015->0.009] slot1_cap_frac=0.015 real_moves_game=131.19 real_moves_turn=1.33 temp=0.996 skipped_oldlp=0 missions={'expand': 3093, 'do_nothing': 3120, 'attack': 575, 'support': 530} baseline=-0.150
[2026-05-13 10:18:03 UTC] AUTO_TUNE reasons=update_too_small noop=0.450 lr=0.00004775 entropy_coef=0.1000 prior=0.100 noop_logit_penalty=0.500 noop_prob_cap=0.450 noop_slot_caps=[0.05, 0.08, 0.12, 0.2, 0.32, 0.45, 0.55, 0.65] temp=[1.050,0.180] noop_penalty=0.700 passivity_penalty=0.550 action_bonus=0.280 ship_bonus=0.180
[2026-05-13 10:18:03 UTC] train episodes=1504 elapsed=34.4m eps_per_hour=2623.8 train_s=33.48 samples=7255 minibatches=171 winrate=0.312 policy_loss=0.068 value_loss=0.066 total_loss=-0.119 teacher_kl=0.0001 entropy=3.912 kl=0.0000 clip_frac=0.000 ratio_std=0.004871 ratio_range=[0.9734,1.0239] logr_max=0.026917 param_delta=0.01194243 grad_norm=0.480 reward=-0.386 terminal=-0.375 dense=0.278 activity=0.225 mix=-0.041 support=0.093 attack=0.148 expand=0.759 passivity_penalty=0.060 passivity=0.461 noop_p=[0.213->0.210] noop_cap_frac=0.019 slot0_noop=0.342 slot0_p=[0.087->0.087] slot0_cap=0.061 slot0_real=0.920 slot0_real_p=[0.008->0.008] slot0_cap_frac=0.000 slot1_p=[0.389->0.385] slot1_cap=0.139 slot1_real=0.621 slot1_real_p=[0.016->0.010] slot1_cap_frac=0.017 real_moves_game=129.25 real_moves_turn=1.31 temp=0.993 skipped_oldlp=0 missions={'expand': 2931, 'do_nothing': 3119, 'attack': 700, 'support': 505} baseline=-0.268
[2026-05-13 10:18:54 UTC] AUTO_TUNE reasons=update_too_small noop=0.449 lr=0.00005000 entropy_coef=0.1000 prior=0.100 noop_logit_penalty=0.500 noop_prob_cap=0.450 noop_slot_caps=[0.05, 0.08, 0.12, 0.2, 0.32, 0.45, 0.55, 0.65] temp=[1.050,0.180] noop_penalty=0.700 passivity_penalty=0.550 action_bonus=0.280 ship_bonus=0.180
[2026-05-13 10:18:54 UTC] train episodes=1536 elapsed=35.2m eps_per_hour=2615.3 train_s=23.88 samples=7017 minibatches=165 winrate=0.344 policy_loss=0.075 value_loss=0.052 total_loss=-0.110 teacher_kl=0.0002 entropy=3.708 kl=0.0001 clip_frac=0.000 ratio_std=0.012720 ratio_range=[0.9029,1.0795] logr_max=0.102114 param_delta=0.01295090 grad_norm=0.379 reward=-0.323 terminal=-0.312 dense=0.272 activity=0.210 mix=-0.034 support=0.100 attack=0.108 expand=0.793 passivity_penalty=0.069 passivity=0.479 noop_p=[0.232->0.227] noop_cap_frac=0.027 slot0_noop=0.360 slot0_p=[0.114->0.113] slot0_cap=0.060 slot0_real=0.896 slot0_real_p=[0.010->0.009] slot0_cap_frac=0.005 slot1_p=[0.415->0.407] slot1_cap=0.133 slot1_real=0.601 slot1_real_p=[0.025->0.012] slot1_cap_frac=0.035 real_moves_game=121.47 real_moves_turn=1.23 temp=0.988 skipped_oldlp=0 missions={'expand': 2926, 'do_nothing': 3130, 'support': 489, 'attack': 472} baseline=-0.042
[2026-05-13 10:18:55 UTC] eval_start checkpoint=candidate opponent=random games=32
[2026-05-13 10:20:07 UTC] eval_progress checkpoint=candidate opponent=random games=8/32 wins=4
[2026-05-13 10:20:56 UTC] eval_progress checkpoint=candidate opponent=random games=16/32 wins=9
[2026-05-13 10:22:16 UTC] eval_progress checkpoint=candidate opponent=random games=24/32 wins=12
[2026-05-13 10:23:26 UTC] eval_progress checkpoint=candidate opponent=random games=32/32 wins=17
[2026-05-13 10:23:26 UTC] eval_done checkpoint=candidate opponent=random winrate=0.531 noop=0.410 ships=1.97
[2026-05-13 10:23:26 UTC] eval_start checkpoint=candidate opponent=greedy games=32
[2026-05-13 10:24:46 UTC] eval_progress checkpoint=candidate opponent=greedy games=8/32 wins=6
[2026-05-13 10:25:26 UTC] eval_progress checkpoint=candidate opponent=greedy games=16/32 wins=10
[2026-05-13 10:26:22 UTC] eval_progress checkpoint=candidate opponent=greedy games=24/32 wins=12
[2026-05-13 10:27:08 UTC] eval_progress checkpoint=candidate opponent=greedy games=32/32 wins=17
[2026-05-13 10:27:08 UTC] eval_done checkpoint=candidate opponent=greedy winrate=0.531 noop=0.400 ships=2.12
[2026-05-13 10:27:08 UTC] eval_start checkpoint=candidate opponent=starter games=32
[2026-05-13 10:27:42 UTC] eval_progress checkpoint=candidate opponent=starter games=8/32 wins=0
[2026-05-13 10:28:24 UTC] eval_progress checkpoint=candidate opponent=starter games=16/32 wins=1
[2026-05-13 10:29:04 UTC] eval_progress checkpoint=candidate opponent=starter games=24/32 wins=2
[2026-05-13 10:29:40 UTC] eval_progress checkpoint=candidate opponent=starter games=32/32 wins=3
[2026-05-13 10:29:40 UTC] eval_done checkpoint=candidate opponent=starter winrate=0.094 noop=0.491 ships=2.03
[2026-05-13 10:29:40 UTC] eval_start checkpoint=best_validated opponent=random games=32
[2026-05-13 10:30:00 UTC] eval_progress checkpoint=best_validated opponent=random games=8/32 wins=7
[2026-05-13 10:30:19 UTC] eval_progress checkpoint=best_validated opponent=random games=16/32 wins=14
[2026-05-13 10:30:37 UTC] eval_progress checkpoint=best_validated opponent=random games=24/32 wins=19
[2026-05-13 10:30:53 UTC] eval_progress checkpoint=best_validated opponent=random games=32/32 wins=25
[2026-05-13 10:30:53 UTC] eval_done checkpoint=best_validated opponent=random winrate=0.781 noop=0.892 ships=13.82
[2026-05-13 10:30:53 UTC] eval_start checkpoint=best_validated opponent=greedy games=32
[2026-05-13 10:31:11 UTC] eval_progress checkpoint=best_validated opponent=greedy games=8/32 wins=6
[2026-05-13 10:31:30 UTC] eval_progress checkpoint=best_validated opponent=greedy games=16/32 wins=13
[2026-05-13 10:31:45 UTC] eval_progress checkpoint=best_validated opponent=greedy games=24/32 wins=20
[2026-05-13 10:32:19 UTC] eval_progress checkpoint=best_validated opponent=greedy games=32/32 wins=28
[2026-05-13 10:32:19 UTC] eval_done checkpoint=best_validated opponent=greedy winrate=0.875 noop=0.880 ships=10.40
[2026-05-13 10:32:19 UTC] eval_start checkpoint=best_validated opponent=starter games=32
[2026-05-13 10:32:37 UTC] eval_progress checkpoint=best_validated opponent=starter games=8/32 wins=2
[2026-05-13 10:33:02 UTC] eval_progress checkpoint=best_validated opponent=starter games=16/32 wins=5
[2026-05-13 10:33:33 UTC] eval_progress checkpoint=best_validated opponent=starter games=24/32 wins=6
[2026-05-13 10:33:54 UTC] eval_progress checkpoint=best_validated opponent=starter games=32/32 wins=7
[2026-05-13 10:33:54 UTC] eval_done checkpoint=best_validated opponent=starter winrate=0.219 noop=0.792 ships=11.83
[2026-05-13 10:33:54 UTC] eval episodes=1537 elapsed=50.2m winrate=0.385 wscore=0.400 ci=[0.294,0.485] best_eval=0.625 best_wscore=0.645 best_ci=[0.525,0.715] noop=0.434 ships=2.04 lr=0.00005000 best=-1.000 target=0.8
[2026-05-13 10:33:54 UTC] not promoted reasons=['delta -0.2396 < margin 0.0300', 'candidate ci_low 0.2943 <= best_winrate 0.6250', 'avg_ships_sent gate failed', 'random regression -0.2500', 'greedy regression -0.3438']
[2026-05-13 10:33:54 UTC] ROLLBACK failed=C:\Users\Capitaine\Documents\GitHub\warorbit\runs\gpu_2p_top1_transfer_local\candidate_failed_000001537.npz regressions=2 lr=0.00005000->0.00002500
[2026-05-13 10:33:54 UTC] AUTO_STABILIZE action=increase_ship_volume reasons=ships_low score=0.591 noop=0.709 ships=1.30 passivity=0.509 moves=1.09 min_ships=3 ship_bonus=0.212 noop_penalty=0.700 passivity_penalty=0.550 ratios=[0.31, 0.41, 0.56, 0.65, 0.8, 0.95] counts={'random': 4, 'greedy': 9, 'starter': 7}
[2026-05-13 10:34:23 UTC] train episodes=1568 elapsed=50.7m eps_per_hour=1854.6 train_s=29.00 samples=7240 minibatches=171 winrate=0.281 policy_loss=0.072 value_loss=0.162 total_loss=-0.094 teacher_kl=0.0000 entropy=3.983 kl=0.0005 clip_frac=0.000 ratio_std=0.032037 ratio_range=[0.8812,1.1650] logr_max=0.152761 param_delta=0.00938762 grad_norm=0.861 reward=-0.442 terminal=-0.438 dense=0.280 activity=0.233 mix=-0.036 support=0.098 attack=0.145 expand=0.757 passivity_penalty=0.057 passivity=0.460 noop_p=[0.213->0.211] noop_cap_frac=0.018 slot0_noop=0.338 slot0_p=[0.089->0.089] slot0_cap=0.061 slot0_real=0.918 slot0_real_p=[0.008->0.008] slot0_cap_frac=0.001 slot1_p=[0.407->0.402] slot1_cap=0.129 slot1_real=0.603 slot1_real_p=[0.016->0.009] slot1_cap_frac=0.021 real_moves_game=128.91 real_moves_turn=1.30 temp=0.983 skipped_oldlp=0 missions={'expand': 2911, 'do_nothing': 3115, 'attack': 700, 'support': 514} baseline=-0.514
[2026-05-13 10:34:53 UTC] train episodes=1600 elapsed=51.2m eps_per_hour=1874.3 train_s=28.71 samples=6668 minibatches=159 winrate=0.219 policy_loss=0.023 value_loss=0.099 total_loss=-0.134 teacher_kl=0.0000 entropy=3.281 kl=0.0005 clip_frac=0.000 ratio_std=0.031527 ratio_range=[0.8674,1.1643] logr_max=0.152138 param_delta=0.00840789 grad_norm=0.628 reward=-0.591 terminal=-0.562 dense=0.201 activity=0.205 mix=-0.025 support=0.158 attack=0.108 expand=0.735 passivity_penalty=0.077 passivity=0.498 noop_p=[0.275->0.265] noop_cap_frac=0.064 slot0_noop=0.371 slot0_p=[0.146->0.142] slot0_cap=0.062 slot0_real=0.868 slot0_real_p=[0.017->0.012] slot0_cap_frac=0.032 slot1_p=[0.474->0.461] slot1_cap=0.135 slot1_real=0.549 slot1_real_p=[0.042->0.018] slot1_cap_frac=0.073 real_moves_game=110.34 real_moves_turn=1.12 temp=1.009 skipped_oldlp=0 missions={'expand': 2427, 'do_nothing': 3137, 'attack': 462, 'support': 642} baseline=-0.654
[2026-05-13 10:35:44 UTC] train episodes=1632 elapsed=52.1m eps_per_hour=1880.4 train_s=28.58 samples=6290 minibatches=150 winrate=0.375 policy_loss=0.062 value_loss=0.127 total_loss=-0.106 teacher_kl=0.0000 entropy=3.539 kl=0.0001 clip_frac=0.000 ratio_std=0.012187 ratio_range=[0.8882,1.1678] logr_max=0.155149 param_delta=0.00950981 grad_norm=0.703 reward=-0.302 terminal=-0.250 dense=0.236 activity=0.156 mix=-0.037 support=0.101 attack=0.119 expand=0.780 passivity_penalty=0.120 passivity=0.540 noop_p=[0.276->0.273] noop_cap_frac=0.026 slot0_noop=0.447 slot0_p=[0.210->0.210] slot0_cap=0.075 slot0_real=0.798 slot0_real_p=[0.010->0.010] slot0_cap_frac=0.003 slot1_p=[0.477->0.472] slot1_cap=0.147 slot1_real=0.534 slot1_real_p=[0.020->0.011] slot1_cap_frac=0.035 real_moves_game=99.09 real_moves_turn=1.01 temp=1.044 skipped_oldlp=0 missions={'expand': 2263, 'do_nothing': 3119, 'attack': 461, 'support': 447} baseline=-0.179
[2026-05-13 10:36:55 UTC] AUTO_TUNE reasons=update_too_small noop=0.460 lr=0.00002650 entropy_coef=0.1000 prior=0.100 noop_logit_penalty=0.500 noop_prob_cap=0.450 noop_slot_caps=[0.05, 0.08, 0.12, 0.2, 0.32, 0.45, 0.55, 0.65] temp=[1.050,0.180] noop_penalty=0.700 passivity_penalty=0.550 action_bonus=0.280 ship_bonus=0.212
[2026-05-13 10:36:55 UTC] train episodes=1664 elapsed=53.3m eps_per_hour=1874.7 train_s=38.74 samples=7043 minibatches=168 winrate=0.406 policy_loss=0.061 value_loss=0.105 total_loss=-0.107 teacher_kl=0.0000 entropy=3.768 kl=0.0000 clip_frac=0.000 ratio_std=0.001852 ratio_range=[0.9887,1.0094] logr_max=0.011344 param_delta=0.01021439 grad_norm=0.579 reward=-0.172 terminal=-0.188 dense=0.278 activity=0.211 mix=0.013 support=0.167 attack=0.126 expand=0.707 passivity_penalty=0.077 passivity=0.482 noop_p=[0.232->0.227] noop_cap_frac=0.039 slot0_noop=0.388 slot0_p=[0.153->0.152] slot0_cap=0.072 slot0_real=0.855 slot0_real_p=[0.009->0.009] slot0_cap_frac=0.002 slot1_p=[0.412->0.405] slot1_cap=0.143 slot1_real=0.602 slot1_real_p=[0.024->0.012] slot1_cap_frac=0.049 real_moves_game=122.56 real_moves_turn=1.24 temp=1.040 skipped_oldlp=0 missions={'do_nothing': 3121, 'expand': 2569, 'support': 824, 'attack': 529} baseline=-0.068
